Archive member included because of file (symbol)

.\CortexM3\ARM_GCC_493\Debug\EX 6 generel 20160818_1.a(cyfitter_cfg.o)
                              .\CortexM3\ARM_GCC_493\Debug\Cm3Start.o (cyfitter_cfg)
.\CortexM3\ARM_GCC_493\Debug\EX 6 generel 20160818_1.a(ADC_DelSig_1.o)
                              .\CortexM3\ARM_GCC_493\Debug\main.o (ADC_DelSig_1_Start)
.\CortexM3\ARM_GCC_493\Debug\EX 6 generel 20160818_1.a(ADC_DelSig_1_INT.o)
                              .\CortexM3\ARM_GCC_493\Debug\EX 6 generel 20160818_1.a(ADC_DelSig_1.o) (ADC_DelSig_1_ISR1)
.\CortexM3\ARM_GCC_493\Debug\EX 6 generel 20160818_1.a(DMA_1_dma.o)
                              .\CortexM3\ARM_GCC_493\Debug\main.o (DMA_1_DmaInitialize)
.\CortexM3\ARM_GCC_493\Debug\EX 6 generel 20160818_1.a(VDAC8_1.o)
                              .\CortexM3\ARM_GCC_493\Debug\main.o (VDAC8_1_Start)
.\CortexM3\ARM_GCC_493\Debug\EX 6 generel 20160818_1.a(Filter_1.o)
                              .\CortexM3\ARM_GCC_493\Debug\main.o (Filter_1_Start)
.\CortexM3\ARM_GCC_493\Debug\EX 6 generel 20160818_1.a(Filter_1_PVT.o)
                              .\CortexM3\ARM_GCC_493\Debug\EX 6 generel 20160818_1.a(Filter_1.o) (Filter_1_SetInterruptMode)
.\CortexM3\ARM_GCC_493\Debug\EX 6 generel 20160818_1.a(Filter_1_RAM_Data.o)
                              .\CortexM3\ARM_GCC_493\Debug\EX 6 generel 20160818_1.a(Filter_1.o) (Filter_1_control)
.\CortexM3\ARM_GCC_493\Debug\EX 6 generel 20160818_1.a(DMA_2_dma.o)
                              .\CortexM3\ARM_GCC_493\Debug\main.o (DMA_2_DmaInitialize)
.\CortexM3\ARM_GCC_493\Debug\EX 6 generel 20160818_1.a(isr_1.o)
                              .\CortexM3\ARM_GCC_493\Debug\main.o (isr_1_StartEx)
.\CortexM3\ARM_GCC_493\Debug\EX 6 generel 20160818_1.a(isr_2.o)
                              .\CortexM3\ARM_GCC_493\Debug\main.o (isr_2_StartEx)
.\CortexM3\ARM_GCC_493\Debug\EX 6 generel 20160818_1.a(test_01.o)
                              .\CortexM3\ARM_GCC_493\Debug\main.o (test_01_Write)
.\CortexM3\ARM_GCC_493\Debug\EX 6 generel 20160818_1.a(ADC_DelSig_1_Ext_CP_Clk.o)
                              .\CortexM3\ARM_GCC_493\Debug\EX 6 generel 20160818_1.a(ADC_DelSig_1.o) (ADC_DelSig_1_Ext_CP_Clk_SetDividerRegister)
.\CortexM3\ARM_GCC_493\Debug\EX 6 generel 20160818_1.a(ADC_DelSig_1_theACLK.o)
                              .\CortexM3\ARM_GCC_493\Debug\EX 6 generel 20160818_1.a(ADC_DelSig_1.o) (ADC_DelSig_1_theACLK_SetDividerRegister)
.\CortexM3\ARM_GCC_493\Debug\EX 6 generel 20160818_1.a(CyBootAsmGnu.o)
                              .\CortexM3\ARM_GCC_493\Debug\EX 6 generel 20160818_1.a(cyfitter_cfg.o) (CyDelayCycles)
.\CortexM3\ARM_GCC_493\Debug\EX 6 generel 20160818_1.a(CyDmac.o)
                              .\CortexM3\ARM_GCC_493\Debug\Cm3Start.o (CyDmacConfigure)
.\CortexM3\ARM_GCC_493\Debug\EX 6 generel 20160818_1.a(CyLib.o)
                              .\CortexM3\ARM_GCC_493\Debug\Cm3Start.o (CyResetStatus)
.\CortexM3\ARM_GCC_493\Debug\EX 6 generel 20160818_1.a(cyPm.o)
                              .\CortexM3\ARM_GCC_493\Debug\EX 6 generel 20160818_1.a(CyLib.o) (CyPmReadStatus)
.\CortexM3\ARM_GCC_493\Debug\EX 6 generel 20160818_1.a(CyFlash.o)
                              .\CortexM3\ARM_GCC_493\Debug\EX 6 generel 20160818_1.a(cyPm.o) (CyFlash_SetWaitCycles)
.\CortexM3\ARM_GCC_493\Debug\EX 6 generel 20160818_1.a(CySpc.o)
                              .\CortexM3\ARM_GCC_493\Debug\EX 6 generel 20160818_1.a(CyFlash.o) (CySpcStart)
c:/program files (x86)/cypress/psoc creator/3.3/psoc creator/import/gnu/arm/4.9.3/bin/../lib/gcc/arm-none-eabi/4.9.3/../../../../arm-none-eabi/lib/armv7-m\libm.a(lib_a-w_sqrt.o)
                              .\CortexM3\ARM_GCC_493\Debug\main.o (sqrt)
c:/program files (x86)/cypress/psoc creator/3.3/psoc creator/import/gnu/arm/4.9.3/bin/../lib/gcc/arm-none-eabi/4.9.3/../../../../arm-none-eabi/lib/armv7-m\libm.a(lib_a-e_sqrt.o)
                              c:/program files (x86)/cypress/psoc creator/3.3/psoc creator/import/gnu/arm/4.9.3/bin/../lib/gcc/arm-none-eabi/4.9.3/../../../../arm-none-eabi/lib/armv7-m\libm.a(lib_a-w_sqrt.o) (__ieee754_sqrt)
c:/program files (x86)/cypress/psoc creator/3.3/psoc creator/import/gnu/arm/4.9.3/bin/../lib/gcc/arm-none-eabi/4.9.3/../../../../arm-none-eabi/lib/armv7-m\libm.a(lib_a-s_fpclassify.o)
                              c:/program files (x86)/cypress/psoc creator/3.3/psoc creator/import/gnu/arm/4.9.3/bin/../lib/gcc/arm-none-eabi/4.9.3/../../../../arm-none-eabi/lib/armv7-m\libm.a(lib_a-w_sqrt.o) (__fpclassifyd)
c:/program files (x86)/cypress/psoc creator/3.3/psoc creator/import/gnu/arm/4.9.3/bin/../lib/gcc/arm-none-eabi/4.9.3/../../../../arm-none-eabi/lib/armv7-m\libm.a(lib_a-s_lib_ver.o)
                              c:/program files (x86)/cypress/psoc creator/3.3/psoc creator/import/gnu/arm/4.9.3/bin/../lib/gcc/arm-none-eabi/4.9.3/../../../../arm-none-eabi/lib/armv7-m\libm.a(lib_a-w_sqrt.o) (__fdlib_version)
[...]
Memory Configuration

Name             Origin             Length             Attributes
rom              0x00000000         0x00040000         xr
ram              0x1fff8000         0x00010000         xrw
*default*        0x00000000         0xffffffff

Linker script and memory map

LOAD c:/program files (x86)/cypress/psoc creator/3.3/psoc creator/import/gnu/arm/4.9.3/bin/../lib/gcc/arm-none-eabi/4.9.3/armv7-m/crti.o
LOAD c:/program files (x86)/cypress/psoc creator/3.3/psoc creator/import/gnu/arm/4.9.3/bin/../lib/gcc/arm-none-eabi/4.9.3/armv7-m/crtbegin.o
LOAD c:/program files (x86)/cypress/psoc creator/3.3/psoc creator/import/gnu/arm/4.9.3/bin/../lib/gcc/arm-none-eabi/4.9.3/../../../../arm-none-eabi/lib/armv7-m/crt0.o
START GROUP
LOAD .\CortexM3\ARM_GCC_493\Debug\main.o
LOAD .\CortexM3\ARM_GCC_493\Debug\cymetadata.o
LOAD .\CortexM3\ARM_GCC_493\Debug\Cm3Start.o
LOAD .\CortexM3\ARM_GCC_493\Debug\EX 6 generel 20160818_1.a
LOAD C:\Program Files (x86)\Cypress\PSoC Creator\3.3\PSoC Creator\psoc\content\cycomponentlibrary\CyComponentLibrary.cylib\CortexM3\ARM_GCC_493\Debug\CyComponentLibrary.a
LOAD c:/program files (x86)/cypress/psoc creator/3.3/psoc creator/import/gnu/arm/4.9.3/bin/../lib/gcc/arm-none-eabi/4.9.3/../../../../arm-none-eabi/lib/armv7-m\libm.a
END GROUP
START GROUP
LOAD c:/program files (x86)/cypress/psoc creator/3.3/psoc creator/import/gnu/arm/4.9.3/bin/../lib/gcc/arm-none-eabi/4.9.3/armv7-m\libgcc.a
LOAD c:/program files (x86)/cypress/psoc creator/3.3/psoc creator/import/gnu/arm/4.9.3/bin/../lib/gcc/arm-none-eabi/4.9.3/../../../../arm-none-eabi/lib/armv7-m\libg.a
LOAD c:/program files (x86)/cypress/psoc creator/3.3/psoc creator/import/gnu/arm/4.9.3/bin/../lib/gcc/arm-none-eabi/4.9.3/../../../../arm-none-eabi/lib/armv7-m\libc.a
END GROUP
LOAD c:/program files (x86)/cypress/psoc creator/3.3/psoc creator/import/gnu/arm/4.9.3/bin/../lib/gcc/arm-none-eabi/4.9.3/armv7-m/crtend.o
LOAD c:/program files (x86)/cypress/psoc creator/3.3/psoc creator/import/gnu/arm/4.9.3/bin/../lib/gcc/arm-none-eabi/4.9.3/armv7-m/crtn.o
START GROUP
LOAD c:/program files (x86)/cypress/psoc creator/3.3/psoc creator/import/gnu/arm/4.9.3/bin/../lib/gcc/arm-none-eabi/4.9.3/armv7-m\libgcc.a
LOAD c:/program files (x86)/cypress/psoc creator/3.3/psoc creator/import/gnu/arm/4.9.3/bin/../lib/gcc/arm-none-eabi/4.9.3/../../../../arm-none-eabi/lib/armv7-m\libc.a
LOAD c:/program files (x86)/cypress/psoc creator/3.3/psoc creator/import/gnu/arm/4.9.3/bin/../lib/gcc/arm-none-eabi/4.9.3/../../../../arm-none-eabi/lib/armv7-m\libnosys.a
END GROUP
                0x00000000                CY_APPL_ORIGIN = 0x0
                0x00000100                CY_FLASH_ROW_SIZE = 0x100
                0x00000020                CY_ECC_ROW_SIZE = 0x20
                0x00000000                CY_EE_IN_BTLDR = 0x0
                0x00000000                CY_APPL_LOADABLE = 0x0
                0x00000800                CY_EE_SIZE = 0x800
                0x00000001                CY_APPL_NUM = 0x1
                0x00000001                CY_APPL_MAX = 0x1
                0x00000040                CY_METADATA_SIZE = 0x40
                0x00000000                CY_APPL_LOADABLE = 0x0
                0x00000000                CY_CHECKSUM_EXCLUDE_SIZE = ALIGN (0x0, CY_FLASH_ROW_SIZE)
                0x1fff85c8                PROVIDE (__cy_heap_start, _end)
                0x00000001                PROVIDE (__cy_region_num, ((__cy_regions_end - __cy_regions) / 0x10))
                0x20008000                PROVIDE (__cy_stack, (ORIGIN (ram) + 0x10000))
                0x20004000                PROVIDE (__cy_heap_end, (__cy_stack - 0x4000))

.cybootloader   0x00000000        0x0
 *(.cybootloader)
                0x00000000                appl1_start = CY_APPL_ORIGIN?CY_APPL_ORIGIN:ALIGN (CY_FLASH_ROW_SIZE)
                0x0001ff00                appl2_start = (appl1_start + ALIGN ((((0x40000 - appl1_start) - (0x2 * CY_FLASH_ROW_SIZE)) / 0x2), CY_FLASH_ROW_SIZE))
                0x00000000                appl_start = (CY_APPL_NUM == 0x1)?appl1_start:appl2_start
                0x00000000                ecc_offset = ((appl_start / CY_FLASH_ROW_SIZE) * CY_ECC_ROW_SIZE)
                0x00000000                ee_offset = (CY_APPL_LOADABLE && ! (CY_EE_IN_BTLDR))?((CY_EE_SIZE / CY_APPL_MAX) * (CY_APPL_NUM - 0x1)):0x0
                0x00000800                ee_size = (CY_APPL_LOADABLE && ! (CY_EE_IN_BTLDR))?(CY_EE_SIZE / CY_APPL_MAX):CY_EE_SIZE
                0x00000000                PROVIDE (CY_ECC_OFFSET, ecc_offset)

.text           0x00000000     0x34d4
 CREATE_OBJECT_SYMBOLS
                0x00000000                PROVIDE (__cy_interrupt_vector, RomVectors)
 *(.romvectors)
 .romvectors    0x00000000       0x10 .\CortexM3\ARM_GCC_493\Debug\Cm3Start.o
                0x00000000                RomVectors
                0x00000001                ASSERT ((. != __cy_interrupt_vector), No interrupt vector)
                0x00000001                ASSERT (CY_APPL_ORIGIN?(SIZEOF (.cybootloader) <= CY_APPL_ORIGIN):0x1, Wrong image location)
                0x00000010                PROVIDE (__cy_reset, Reset)
 *(.text.Reset)
 .text.Reset    0x00000010       0x18 .\CortexM3\ARM_GCC_493\Debug\Cm3Start.o
                0x00000010                Reset
                0x00000001                ASSERT ((. != __cy_reset), No reset code)
 *(.dma_init)
                0x00000001                ASSERT ((((appl_start + .) <= 0x10000) || 0x1), DMA Init must be within the first 64k of flash)
 *(.text .text.* .gnu.linkonce.t.*)
 .text          0x00000028       0x5c c:/program files (x86)/cypress/psoc creator/3.3/psoc creator/import/gnu/arm/4.9.3/bin/../lib/gcc/arm-none-eabi/4.9.3/armv7-m/crtbegin.o
 .text.DMA_1_Config
                0x00000084       0x5c .\CortexM3\ARM_GCC_493\Debug\main.o
                0x00000084                DMA_1_Config
 .text.DMA_2_Config
                0x000000e0       0x64 .\CortexM3\ARM_GCC_493\Debug\main.o
                0x000000e0                DMA_2_Config
 .text.DAC_int  0x00000144       0x30 .\CortexM3\ARM_GCC_493\Debug\main.o
                0x00000144                DAC_int
 .text.Sample_int
                0x00000174       0xac .\CortexM3\ARM_GCC_493\Debug\main.o
                0x00000174                Sample_int
 .text.Init     0x00000220       0x4c .\CortexM3\ARM_GCC_493\Debug\main.o
                0x00000220                Init
 .text.main     0x0000026c      0x17c .\CortexM3\ARM_GCC_493\Debug\main.o
                0x0000026c                main
 .text.IntDefaultHandler
                0x000003e8        0x8 .\CortexM3\ARM_GCC_493\Debug\Cm3Start.o
                0x000003e8                IntDefaultHandler
 .text.Start_c  0x000003f0       0x98 .\CortexM3\ARM_GCC_493\Debug\Cm3Start.o
                0x000003f0                Start_c
 .text.initialize_psoc
                0x00000488       0x90 .\CortexM3\ARM_GCC_493\Debug\Cm3Start.o
                0x00000488                initialize_psoc
 .text.CYMEMZERO
                0x00000518       0x1c .\CortexM3\ARM_GCC_493\Debug\EX 6 generel 20160818_1.a(cyfitter_cfg.o)
 .text.CYCONFIGCPY
                0x00000534       0x1c .\CortexM3\ARM_GCC_493\Debug\EX 6 generel 20160818_1.a(cyfitter_cfg.o)
 .text.CyClockStartupError
                0x00000550        0xc .\CortexM3\ARM_GCC_493\Debug\EX 6 generel 20160818_1.a(cyfitter_cfg.o)
 .text.cfg_write_bytes32
                0x0000055c       0x74 .\CortexM3\ARM_GCC_493\Debug\EX 6 generel 20160818_1.a(cyfitter_cfg.o)
 .text.ClockSetup
                0x000005d0      0x148 .\CortexM3\ARM_GCC_493\Debug\EX 6 generel 20160818_1.a(cyfitter_cfg.o)
 .text.AnalogSetDefault
                0x00000718       0x94 .\CortexM3\ARM_GCC_493\Debug\EX 6 generel 20160818_1.a(cyfitter_cfg.o)
 .text.cyfitter_cfg
                0x000007ac      0x134 .\CortexM3\ARM_GCC_493\Debug\EX 6 generel 20160818_1.a(cyfitter_cfg.o)
                0x000007ac                cyfitter_cfg
 .text.ADC_DelSig_1_Init
                0x000008e0      0x158 .\CortexM3\ARM_GCC_493\Debug\EX 6 generel 20160818_1.a(ADC_DelSig_1.o)
                0x000008e0                ADC_DelSig_1_Init
 .text.ADC_DelSig_1_Enable
                0x00000a38      0x158 .\CortexM3\ARM_GCC_493\Debug\EX 6 generel 20160818_1.a(ADC_DelSig_1.o)
                0x00000a38                ADC_DelSig_1_Enable
 .text.ADC_DelSig_1_Start
                0x00000b90       0x30 .\CortexM3\ARM_GCC_493\Debug\EX 6 generel 20160818_1.a(ADC_DelSig_1.o)
                0x00000b90                ADC_DelSig_1_Start
 .text.ADC_DelSig_1_SetCoherency
                0x00000bc0       0x38 .\CortexM3\ARM_GCC_493\Debug\EX 6 generel 20160818_1.a(ADC_DelSig_1.o)
                0x00000bc0                ADC_DelSig_1_SetCoherency
 .text.ADC_DelSig_1_StartConvert
                0x00000bf8       0x20 .\CortexM3\ARM_GCC_493\Debug\EX 6 generel 20160818_1.a(ADC_DelSig_1.o)
                0x00000bf8                ADC_DelSig_1_StartConvert
 .text.ADC_DelSig_1_CountsTo_Volts
                0x00000c18       0x44 .\CortexM3\ARM_GCC_493\Debug\EX 6 generel 20160818_1.a(ADC_DelSig_1.o)
                0x00000c18                ADC_DelSig_1_CountsTo_Volts
 .text.ADC_DelSig_1_InitConfig
                0x00000c5c      0x3f0 .\CortexM3\ARM_GCC_493\Debug\EX 6 generel 20160818_1.a(ADC_DelSig_1.o)
 .text.ADC_DelSig_1_GainCompensation
                0x0000104c      0x16c .\CortexM3\ARM_GCC_493\Debug\EX 6 generel 20160818_1.a(ADC_DelSig_1.o)
 .text.ADC_DelSig_1_SetDSMRef0Reg
                0x000011b8       0x78 .\CortexM3\ARM_GCC_493\Debug\EX 6 generel 20160818_1.a(ADC_DelSig_1.o)
 .text.ADC_DelSig_1_ISR1
                0x00001230        0xc .\CortexM3\ARM_GCC_493\Debug\EX 6 generel 20160818_1.a(ADC_DelSig_1_INT.o)
                0x00001230                ADC_DelSig_1_ISR1
 .text.ADC_DelSig_1_ISR2
                0x0000123c        0xc .\CortexM3\ARM_GCC_493\Debug\EX 6 generel 20160818_1.a(ADC_DelSig_1_INT.o)
                0x0000123c                ADC_DelSig_1_ISR2
 .text.ADC_DelSig_1_ISR3
                0x00001248        0xc .\CortexM3\ARM_GCC_493\Debug\EX 6 generel 20160818_1.a(ADC_DelSig_1_INT.o)
                0x00001248                ADC_DelSig_1_ISR3
 .text.ADC_DelSig_1_ISR4
                0x00001254        0xc .\CortexM3\ARM_GCC_493\Debug\EX 6 generel 20160818_1.a(ADC_DelSig_1_INT.o)
                0x00001254                ADC_DelSig_1_ISR4
 .text.DMA_1_DmaInitialize
                0x00001260       0x68 .\CortexM3\ARM_GCC_493\Debug\EX 6 generel 20160818_1.a(DMA_1_dma.o)
                0x00001260                DMA_1_DmaInitialize
 .text.VDAC8_1_Init
                0x000012c8       0x28 .\CortexM3\ARM_GCC_493\Debug\EX 6 generel 20160818_1.a(VDAC8_1.o)
                0x000012c8                VDAC8_1_Init
 .text.VDAC8_1_Enable
                0x000012f0       0x34 .\CortexM3\ARM_GCC_493\Debug\EX 6 generel 20160818_1.a(VDAC8_1.o)
                0x000012f0                VDAC8_1_Enable
 .text.VDAC8_1_Start
                0x00001324       0x28 .\CortexM3\ARM_GCC_493\Debug\EX 6 generel 20160818_1.a(VDAC8_1.o)
                0x00001324                VDAC8_1_Start
 .text.VDAC8_1_SetSpeed
                0x0000134c       0x40 .\CortexM3\ARM_GCC_493\Debug\EX 6 generel 20160818_1.a(VDAC8_1.o)
                0x0000134c                VDAC8_1_SetSpeed
 .text.VDAC8_1_SetRange
                0x0000138c       0x40 .\CortexM3\ARM_GCC_493\Debug\EX 6 generel 20160818_1.a(VDAC8_1.o)
                0x0000138c                VDAC8_1_SetRange
 .text.VDAC8_1_SetValue
                0x000013cc       0x20 .\CortexM3\ARM_GCC_493\Debug\EX 6 generel 20160818_1.a(VDAC8_1.o)
                0x000013cc                VDAC8_1_SetValue
 .text.VDAC8_1_DacTrim
                0x000013ec       0x3c .\CortexM3\ARM_GCC_493\Debug\EX 6 generel 20160818_1.a(VDAC8_1.o)
                0x000013ec                VDAC8_1_DacTrim
 .text.Filter_1_Init
                0x00001428      0x11c .\CortexM3\ARM_GCC_493\Debug\EX 6 generel 20160818_1.a(Filter_1.o)
                0x00001428                Filter_1_Init
 .text.Filter_1_Enable
                0x00001544       0x48 .\CortexM3\ARM_GCC_493\Debug\EX 6 generel 20160818_1.a(Filter_1.o)
                0x00001544                Filter_1_Enable
 .text.Filter_1_Start
                0x0000158c       0x20 .\CortexM3\ARM_GCC_493\Debug\EX 6 generel 20160818_1.a(Filter_1.o)
                0x0000158c                Filter_1_Start
 .text.Filter_1_SetCoherency
                0x000015ac       0x98 .\CortexM3\ARM_GCC_493\Debug\EX 6 generel 20160818_1.a(Filter_1.o)
                0x000015ac                Filter_1_SetCoherency
 .text.Filter_1_SetInterruptMode
                0x00001644       0x28 .\CortexM3\ARM_GCC_493\Debug\EX 6 generel 20160818_1.a(Filter_1_PVT.o)
                0x00001644                Filter_1_SetInterruptMode
 .text.Filter_1_SetDMAMode
                0x0000166c       0x28 .\CortexM3\ARM_GCC_493\Debug\EX 6 generel 20160818_1.a(Filter_1_PVT.o)
                0x0000166c                Filter_1_SetDMAMode
 .text.DMA_2_DmaInitialize
                0x00001694       0x68 .\CortexM3\ARM_GCC_493\Debug\EX 6 generel 20160818_1.a(DMA_2_dma.o)
                0x00001694                DMA_2_DmaInitialize
 .text.isr_1_StartEx
                0x000016fc       0x24 .\CortexM3\ARM_GCC_493\Debug\EX 6 generel 20160818_1.a(isr_1.o)
                0x000016fc                isr_1_StartEx
 .text.isr_1_SetVector
                0x00001720       0x24 .\CortexM3\ARM_GCC_493\Debug\EX 6 generel 20160818_1.a(isr_1.o)
                0x00001720                isr_1_SetVector
 .text.isr_1_SetPriority
                0x00001744       0x24 .\CortexM3\ARM_GCC_493\Debug\EX 6 generel 20160818_1.a(isr_1.o)
                0x00001744                isr_1_SetPriority
 .text.isr_1_Enable
                0x00001768       0x18 .\CortexM3\ARM_GCC_493\Debug\EX 6 generel 20160818_1.a(isr_1.o)
                0x00001768                isr_1_Enable
 .text.isr_1_Disable
                0x00001780       0x18 .\CortexM3\ARM_GCC_493\Debug\EX 6 generel 20160818_1.a(isr_1.o)
                0x00001780                isr_1_Disable
 .text.isr_2_StartEx
                0x00001798       0x24 .\CortexM3\ARM_GCC_493\Debug\EX 6 generel 20160818_1.a(isr_2.o)
                0x00001798                isr_2_StartEx
 .text.isr_2_SetVector
                0x000017bc       0x24 .\CortexM3\ARM_GCC_493\Debug\EX 6 generel 20160818_1.a(isr_2.o)
                0x000017bc                isr_2_SetVector
 .text.isr_2_SetPriority
                0x000017e0       0x24 .\CortexM3\ARM_GCC_493\Debug\EX 6 generel 20160818_1.a(isr_2.o)
                0x000017e0                isr_2_SetPriority
 .text.isr_2_Enable
                0x00001804       0x18 .\CortexM3\ARM_GCC_493\Debug\EX 6 generel 20160818_1.a(isr_2.o)
                0x00001804                isr_2_Enable
 .text.isr_2_Disable
                0x0000181c       0x18 .\CortexM3\ARM_GCC_493\Debug\EX 6 generel 20160818_1.a(isr_2.o)
                0x0000181c                isr_2_Disable
 .text.test_01_Write
                0x00001834       0x3c .\CortexM3\ARM_GCC_493\Debug\EX 6 generel 20160818_1.a(test_01.o)
                0x00001834                test_01_Write
 .text.ADC_DelSig_1_Ext_CP_Clk_SetDividerRegister
                0x00001870      0x160 .\CortexM3\ARM_GCC_493\Debug\EX 6 generel 20160818_1.a(ADC_DelSig_1_Ext_CP_Clk.o)
                0x00001870                ADC_DelSig_1_Ext_CP_Clk_SetDividerRegister
 .text.ADC_DelSig_1_Ext_CP_Clk_GetDividerRegister
                0x000019d0       0x18 .\CortexM3\ARM_GCC_493\Debug\EX 6 generel 20160818_1.a(ADC_DelSig_1_Ext_CP_Clk.o)
                0x000019d0                ADC_DelSig_1_Ext_CP_Clk_GetDividerRegister
 .text.ADC_DelSig_1_Ext_CP_Clk_SetModeRegister
                0x000019e8       0x34 .\CortexM3\ARM_GCC_493\Debug\EX 6 generel 20160818_1.a(ADC_DelSig_1_Ext_CP_Clk.o)
                0x000019e8                ADC_DelSig_1_Ext_CP_Clk_SetModeRegister
 .text.ADC_DelSig_1_Ext_CP_Clk_GetSourceRegister
                0x00001a1c       0x20 .\CortexM3\ARM_GCC_493\Debug\EX 6 generel 20160818_1.a(ADC_DelSig_1_Ext_CP_Clk.o)
                0x00001a1c                ADC_DelSig_1_Ext_CP_Clk_GetSourceRegister
 .text.ADC_DelSig_1_theACLK_SetDividerRegister
                0x00001a3c      0x160 .\CortexM3\ARM_GCC_493\Debug\EX 6 generel 20160818_1.a(ADC_DelSig_1_theACLK.o)
                0x00001a3c                ADC_DelSig_1_theACLK_SetDividerRegister
 .text.ADC_DelSig_1_theACLK_GetDividerRegister
                0x00001b9c       0x18 .\CortexM3\ARM_GCC_493\Debug\EX 6 generel 20160818_1.a(ADC_DelSig_1_theACLK.o)
                0x00001b9c                ADC_DelSig_1_theACLK_GetDividerRegister
 .text.ADC_DelSig_1_theACLK_SetModeRegister
                0x00001bb4       0x34 .\CortexM3\ARM_GCC_493\Debug\EX 6 generel 20160818_1.a(ADC_DelSig_1_theACLK.o)
                0x00001bb4                ADC_DelSig_1_theACLK_SetModeRegister
 .text.ADC_DelSig_1_theACLK_GetSourceRegister
                0x00001be8       0x20 .\CortexM3\ARM_GCC_493\Debug\EX 6 generel 20160818_1.a(ADC_DelSig_1_theACLK.o)
                0x00001be8                ADC_DelSig_1_theACLK_GetSourceRegister
 .text          0x00001c08       0x20 .\CortexM3\ARM_GCC_493\Debug\EX 6 generel 20160818_1.a(CyBootAsmGnu.o)
                0x00001c08                CyDelayCycles
                0x00001c18                CyEnterCriticalSection
                0x00001c20                CyExitCriticalSection
 .text.CyDmacConfigure
                0x00001c28       0x5c .\CortexM3\ARM_GCC_493\Debug\EX 6 generel 20160818_1.a(CyDmac.o)
                0x00001c28                CyDmacConfigure
 .text.CyDmaChEnable
                0x00001c84       0x8c .\CortexM3\ARM_GCC_493\Debug\EX 6 generel 20160818_1.a(CyDmac.o)
                0x00001c84                CyDmaChEnable
 .text.CyDmaChPriority
                0x00001d10       0x60 .\CortexM3\ARM_GCC_493\Debug\EX 6 generel 20160818_1.a(CyDmac.o)
                0x00001d10                CyDmaChPriority
 .text.CyDmaChSetExtendedAddress
                0x00001d70       0x7c .\CortexM3\ARM_GCC_493\Debug\EX 6 generel 20160818_1.a(CyDmac.o)
                0x00001d70                CyDmaChSetExtendedAddress
 .text.CyDmaChSetInitialTd
                0x00001dec       0x3c .\CortexM3\ARM_GCC_493\Debug\EX 6 generel 20160818_1.a(CyDmac.o)
                0x00001dec                CyDmaChSetInitialTd
 .text.CyDmaChSetConfiguration
                0x00001e28       0xa0 .\CortexM3\ARM_GCC_493\Debug\EX 6 generel 20160818_1.a(CyDmac.o)
                0x00001e28                CyDmaChSetConfiguration
 .text.CyDmaTdAllocate
                0x00001ec8       0x5c .\CortexM3\ARM_GCC_493\Debug\EX 6 generel 20160818_1.a(CyDmac.o)
                0x00001ec8                CyDmaTdAllocate
 .text.CyDmaTdSetConfiguration
                0x00001f24       0x80 .\CortexM3\ARM_GCC_493\Debug\EX 6 generel 20160818_1.a(CyDmac.o)
                0x00001f24                CyDmaTdSetConfiguration
 .text.CyDmaTdSetAddress
                0x00001fa4       0x5c .\CortexM3\ARM_GCC_493\Debug\EX 6 generel 20160818_1.a(CyDmac.o)
                0x00001fa4                CyDmaTdSetAddress
 .text.CyHalt   0x00002000       0x18 .\CortexM3\ARM_GCC_493\Debug\EX 6 generel 20160818_1.a(CyLib.o)
                0x00002000                CyHalt
 .text.CyDelayUs
                0x00002018       0x24 .\CortexM3\ARM_GCC_493\Debug\EX 6 generel 20160818_1.a(CyLib.o)
                0x00002018                CyDelayUs
 .text.CyIntSetVector
                0x0000203c       0x50 .\CortexM3\ARM_GCC_493\Debug\EX 6 generel 20160818_1.a(CyLib.o)
                0x0000203c                CyIntSetVector
 .text.CyIntSetPriority
                0x0000208c       0x44 .\CortexM3\ARM_GCC_493\Debug\EX 6 generel 20160818_1.a(CyLib.o)
                0x0000208c                CyIntSetPriority
 .text.sqrt     0x000020d0       0xac c:/program files (x86)/cypress/psoc creator/3.3/psoc creator/import/gnu/arm/4.9.3/bin/../lib/gcc/arm-none-eabi/4.9.3/../../../../arm-none-eabi/lib/armv7-m\libm.a(lib_a-w_sqrt.o)
                0x000020d0                sqrt
 .text.__ieee754_sqrt
                0x0000217c      0x18c c:/program files (x86)/cypress/psoc creator/3.3/psoc creator/import/gnu/arm/4.9.3/bin/../lib/gcc/arm-none-eabi/4.9.3/../../../../arm-none-eabi/lib/armv7-m\libm.a(lib_a-e_sqrt.o)
                0x0000217c                __ieee754_sqrt
 .text.__fpclassifyd
                0x00002308       0x58 c:/program files (x86)/cypress/psoc creator/3.3/psoc creator/import/gnu/arm/4.9.3/bin/../lib/gcc/arm-none-eabi/4.9.3/../../../../arm-none-eabi/lib/armv7-m\libm.a(lib_a-s_fpclassify.o)
                0x00002308                __fpclassifyd
 .text.matherr  0x00002360        0x4 c:/program files (x86)/cypress/psoc creator/3.3/psoc creator/import/gnu/arm/4.9.3/bin/../lib/gcc/arm-none-eabi/4.9.3/../../../../arm-none-eabi/lib/armv7-m\libm.a(lib_a-s_matherr.o)
                0x00002360                matherr
 .text          0x00002364      0x370 c:/program files (x86)/cypress/psoc creator/3.3/psoc creator/import/gnu/arm/4.9.3/bin/../lib/gcc/arm-none-eabi/4.9.3/armv7-m\libgcc.a(_arm_addsubdf3.o)
                0x00002364                __aeabi_drsub
                0x0000236c                __aeabi_dsub
                0x0000236c                __subdf3
                0x00002370                __aeabi_dadd
                0x00002370                __adddf3
                0x000025e8                __floatunsidf
                0x000025e8                __aeabi_ui2d
                0x00002608                __floatsidf
                0x00002608                __aeabi_i2d
                0x0000262c                __aeabi_f2d
                0x0000262c                __extendsfdf2
                0x00002668                __floatundidf
                0x00002668                __aeabi_ul2d
                0x00002678                __floatdidf
                0x00002678                __aeabi_l2d
 .text          0x000026d4      0x424 c:/program files (x86)/cypress/psoc creator/3.3/psoc creator/import/gnu/arm/4.9.3/bin/../lib/gcc/arm-none-eabi/4.9.3/armv7-m\libgcc.a(_arm_muldivdf3.o)
                0x000026d4                __aeabi_dmul
                0x000026d4                __muldf3
                0x00002928                __divdf3
                0x00002928                __aeabi_ddiv
 .text          0x00002af8      0x110 c:/program files (x86)/cypress/psoc creator/3.3/psoc creator/import/gnu/arm/4.9.3/bin/../lib/gcc/arm-none-eabi/4.9.3/armv7-m\libgcc.a(_arm_cmpdf2.o)
                0x00002af8                __gtdf2
                0x00002af8                __gedf2
                0x00002b00                __ltdf2
                0x00002b00                __ledf2
                0x00002b08                __nedf2
                0x00002b08                __eqdf2
                0x00002b08                __cmpdf2
                0x00002b84                __aeabi_cdrcmple
                0x00002b94                __aeabi_cdcmpeq
                0x00002b94                __aeabi_cdcmple
                0x00002ba4                __aeabi_dcmpeq
                0x00002bb8                __aeabi_dcmplt
                0x00002bcc                __aeabi_dcmple
                0x00002be0                __aeabi_dcmpge
                0x00002bf4                __aeabi_dcmpgt
 .text          0x00002c08       0x50 c:/program files (x86)/cypress/psoc creator/3.3/psoc creator/import/gnu/arm/4.9.3/bin/../lib/gcc/arm-none-eabi/4.9.3/armv7-m\libgcc.a(_arm_fixdfsi.o)
                0x00002c08                __aeabi_d2iz
                0x00002c08                __fixdfsi
 .text          0x00002c58      0x21c c:/program files (x86)/cypress/psoc creator/3.3/psoc creator/import/gnu/arm/4.9.3/bin/../lib/gcc/arm-none-eabi/4.9.3/armv7-m\libgcc.a(_arm_addsubsf3.o)
                0x00002c58                __aeabi_frsub
                0x00002c60                __subsf3
                0x00002c60                __aeabi_fsub
                0x00002c64                __aeabi_fadd
                0x00002c64                __addsf3
                0x00002dc4                __aeabi_ui2f
                0x00002dc4                __floatunsisf
                0x00002dcc                __aeabi_i2f
                0x00002dcc                __floatsisf
                0x00002de8                __aeabi_ul2f
                0x00002de8                __floatundisf
                0x00002df8                __aeabi_l2f
                0x00002df8                __floatdisf
 .text          0x00002e74      0x2a0 c:/program files (x86)/cypress/psoc creator/3.3/psoc creator/import/gnu/arm/4.9.3/bin/../lib/gcc/arm-none-eabi/4.9.3/armv7-m\libgcc.a(_arm_muldivsf3.o)
                0x00002e74                __mulsf3
                0x00002e74                __aeabi_fmul
                0x00002fdc                __aeabi_fdiv
                0x00002fdc                __divsf3
 .text          0x00003114       0xec c:/program files (x86)/cypress/psoc creator/3.3/psoc creator/import/gnu/arm/4.9.3/bin/../lib/gcc/arm-none-eabi/4.9.3/armv7-m\libgcc.a(_arm_cmpsf2.o)
                0x00003114                __gesf2
                0x00003114                __gtsf2
                0x0000311c                __lesf2
                0x0000311c                __ltsf2
                0x00003124                __nesf2
                0x00003124                __eqsf2
                0x00003124                __cmpsf2
                0x00003184                __aeabi_cfrcmple
                0x0000318c                __aeabi_cfcmpeq
                0x0000318c                __aeabi_cfcmple
                0x0000319c                __aeabi_fcmpeq
                0x000031b0                __aeabi_fcmplt
                0x000031c4                __aeabi_fcmple
                0x000031d8                __aeabi_fcmpge
                0x000031ec                __aeabi_fcmpgt
 .text.__errno  0x00003200        0xc c:/program files (x86)/cypress/psoc creator/3.3/psoc creator/import/gnu/arm/4.9.3/bin/../lib/gcc/arm-none-eabi/4.9.3/../../../../arm-none-eabi/lib/armv7-m\libg.a(lib_a-errno.o)
                0x00003200                __errno
 .text.__libc_init_array
                0x0000320c       0x50 c:/program files (x86)/cypress/psoc creator/3.3/psoc creator/import/gnu/arm/4.9.3/bin/../lib/gcc/arm-none-eabi/4.9.3/../../../../arm-none-eabi/lib/armv7-m\libg.a(lib_a-init.o)
                0x0000320c                __libc_init_array
 .text          0x0000325c       0xec c:/program files (x86)/cypress/psoc creator/3.3/psoc creator/import/gnu/arm/4.9.3/bin/../lib/gcc/arm-none-eabi/4.9.3/../../../../arm-none-eabi/lib/armv7-m\libg.a(lib_a-memcpy.o)
                0x0000325c                memcpy
 .text.memset   0x00003348       0x9c c:/program files (x86)/cypress/psoc creator/3.3/psoc creator/import/gnu/arm/4.9.3/bin/../lib/gcc/arm-none-eabi/4.9.3/../../../../arm-none-eabi/lib/armv7-m\libg.a(lib_a-memset.o)
                0x00003348                memset
 .text.startup.register_fini
                0x000033e4       0x14 c:/program files (x86)/cypress/psoc creator/3.3/psoc creator/import/gnu/arm/4.9.3/bin/../lib/gcc/arm-none-eabi/4.9.3/../../../../arm-none-eabi/lib/armv7-m\libg.a(lib_a-__call_atexit.o)
 .text.atexit   0x000033f8        0xc c:/program files (x86)/cypress/psoc creator/3.3/psoc creator/import/gnu/arm/4.9.3/bin/../lib/gcc/arm-none-eabi/4.9.3/../../../../arm-none-eabi/lib/armv7-m\libg.a(lib_a-atexit.o)
                0x000033f8                atexit
 .text.__libc_fini_array
                0x00003404       0x2c c:/program files (x86)/cypress/psoc creator/3.3/psoc creator/import/gnu/arm/4.9.3/bin/../lib/gcc/arm-none-eabi/4.9.3/../../../../arm-none-eabi/lib/armv7-m\libg.a(lib_a-fini.o)
                0x00003404                __libc_fini_array
 .text.__register_exitproc
                0x00003430       0xa4 c:/program files (x86)/cypress/psoc creator/3.3/psoc creator/import/gnu/arm/4.9.3/bin/../lib/gcc/arm-none-eabi/4.9.3/../../../../arm-none-eabi/lib/armv7-m\libg.a(lib_a-__atexit.o)
                0x00003430                __register_exitproc
 *(.plt)
 *(.gnu.warning)
 *(.glue_7t)
 .glue_7t       0x00000000        0x0 linker stubs
 *(.glue_7)
 .glue_7        0x00000000        0x0 linker stubs
 *(.vfp11_veneer)
 .vfp11_veneer  0x00000000        0x0 linker stubs
 *(.bootloader)
 *(.ARM.extab* .gnu.linkonce.armextab.*)
 *(.gcc_except_table)

.v4_bx          0x000034d4        0x0
 .v4_bx         0x00000000        0x0 linker stubs

.iplt           0x000034d4        0x0
 .iplt          0x00000000        0x0 c:/program files (x86)/cypress/psoc creator/3.3/psoc creator/import/gnu/arm/4.9.3/bin/../lib/gcc/arm-none-eabi/4.9.3/armv7-m/crtbegin.o

.eh_frame_hdr
 *(.eh_frame_hdr)

.eh_frame       0x000034d4        0x4
 *(.eh_frame)
 .eh_frame      0x000034d4        0x0 c:/program files (x86)/cypress/psoc creator/3.3/psoc creator/import/gnu/arm/4.9.3/bin/../lib/gcc/arm-none-eabi/4.9.3/armv7-m/crtbegin.o
 .eh_frame      0x000034d4        0x4 c:/program files (x86)/cypress/psoc creator/3.3/psoc creator/import/gnu/arm/4.9.3/bin/../lib/gcc/arm-none-eabi/4.9.3/armv7-m/crtend.o
                0x000034d8                PROVIDE (__exidx_start, .)

.ARM.exidx
 *(.ARM.exidx* .gnu.linkonce.armexidx.*)
                0x000034d8                __exidx_end = .

.rodata         0x000034d8      0x6b8
 *(.rodata .rodata.* .gnu.linkonce.r.*)
 .rodata        0x000034d8       0x30 .\CortexM3\ARM_GCC_493\Debug\EX 6 generel 20160818_1.a(cyfitter_cfg.o)
 .rodata        0x00003508      0x640 .\CortexM3\ARM_GCC_493\Debug\EX 6 generel 20160818_1.a(Filter_1_RAM_Data.o)
                0x00003508                Filter_1_control
                0x00003608                Filter_1_data_a
                0x00003808                Filter_1_data_b
                0x00003a08                Filter_1_acu
                0x00003a48                Filter_1_cfsm
 .rodata.str1.4
                0x00003b48        0x5 c:/program files (x86)/cypress/psoc creator/3.3/psoc creator/import/gnu/arm/4.9.3/bin/../lib/gcc/arm-none-eabi/4.9.3/../../../../arm-none-eabi/lib/armv7-m\libm.a(lib_a-w_sqrt.o)
                                  0x8 (size before relaxing)
 *fill*         0x00003b4d        0x3 
 .rodata.str1.4
                0x00003b50        0x4 c:/program files (x86)/cypress/psoc creator/3.3/psoc creator/import/gnu/arm/4.9.3/bin/../lib/gcc/arm-none-eabi/4.9.3/../../../../arm-none-eabi/lib/armv7-m\libg.a(lib_a-impure.o)
 .rodata._global_impure_ptr
                0x00003b54        0x4 c:/program files (x86)/cypress/psoc creator/3.3/psoc creator/import/gnu/arm/4.9.3/bin/../lib/gcc/arm-none-eabi/4.9.3/../../../../arm-none-eabi/lib/armv7-m\libg.a(lib_a-impure.o)
                0x00003b54                _global_impure_ptr
                0x00003b58                . = ALIGN (0x4)
 *(.init)
 .init          0x00003b58        0x4 c:/program files (x86)/cypress/psoc creator/3.3/psoc creator/import/gnu/arm/4.9.3/bin/../lib/gcc/arm-none-eabi/4.9.3/armv7-m/crti.o
                0x00003b58                _init
 .init          0x00003b5c        0x8 c:/program files (x86)/cypress/psoc creator/3.3/psoc creator/import/gnu/arm/4.9.3/bin/../lib/gcc/arm-none-eabi/4.9.3/armv7-m/crtn.o
                0x00003b64                . = ALIGN (0x4)
                0x00003b64                __preinit_array_start = .
 *(.preinit_array)
                0x00003b64                __preinit_array_end = .
                0x00003b64                . = ALIGN (0x4)
                0x00003b64                __init_array_start = .
 *(SORT(.init_array.*))
 .init_array.00000
                0x00003b64        0x4 c:/program files (x86)/cypress/psoc creator/3.3/psoc creator/import/gnu/arm/4.9.3/bin/../lib/gcc/arm-none-eabi/4.9.3/../../../../arm-none-eabi/lib/armv7-m\libg.a(lib_a-__call_atexit.o)
 *(.init_array)
 .init_array    0x00003b68        0x4 c:/program files (x86)/cypress/psoc creator/3.3/psoc creator/import/gnu/arm/4.9.3/bin/../lib/gcc/arm-none-eabi/4.9.3/armv7-m/crtbegin.o
 .init_array    0x00003b6c        0x4 .\CortexM3\ARM_GCC_493\Debug\Cm3Start.o
                0x00003b70                __init_array_end = .
                0x00003b70                . = ALIGN (0x4)
 *(.fini)
 .fini          0x00003b70        0x4 c:/program files (x86)/cypress/psoc creator/3.3/psoc creator/import/gnu/arm/4.9.3/bin/../lib/gcc/arm-none-eabi/4.9.3/armv7-m/crti.o
                0x00003b70                _fini
 .fini          0x00003b74        0x8 c:/program files (x86)/cypress/psoc creator/3.3/psoc creator/import/gnu/arm/4.9.3/bin/../lib/gcc/arm-none-eabi/4.9.3/armv7-m/crtn.o
                0x00003b7c                . = ALIGN (0x4)
                0x00003b7c                __fini_array_start = .
 *(.fini_array)
 .fini_array    0x00003b7c        0x4 c:/program files (x86)/cypress/psoc creator/3.3/psoc creator/import/gnu/arm/4.9.3/bin/../lib/gcc/arm-none-eabi/4.9.3/armv7-m/crtbegin.o
 *(SORT(.fini_array.*))
                0x00003b80                __fini_array_end = .
                0x00003b80                . = ALIGN (0x4)
 *crtbegin.o(.ctors)
 *(EXCLUDE_FILE(*crtend.o) .ctors)
 *(SORT(.ctors.*))
 *crtend.o(.ctors)
                0x00003b80                . = ALIGN (0x4)
 *crtbegin.o(.dtors)
 *(EXCLUDE_FILE(*crtend.o) .dtors)
 *(SORT(.dtors.*))
 *crtend.o(.dtors)
                0x00003b80                . = ALIGN (0x4)
                0x00003b80                __cy_regions = .
                0x00003b80        0x4 LONG 0x3b90 __cy_region_init_ram
                0x00003b84        0x4 LONG 0x1fff8108 __cy_region_start_data
                0x00003b88        0x4 LONG 0x458 __cy_region_init_size_ram
                0x00003b8c        0x4 LONG 0x68 __cy_region_zero_size_ram
                0x00003b90                __cy_regions_end = .
                0x00003b90                . = ALIGN (0x8)
                0x00003b90                _etext = .

.cy_checksum_exclude
                0x00003b90        0x0
 *(.cy_checksum_exclude)

.ramvectors     0x1fff8000      0x100
                0x1fff8000                __cy_region_start_ram = .
 *(.ramvectors)
 .ramvectors    0x1fff8000      0x100 .\CortexM3\ARM_GCC_493\Debug\Cm3Start.o
                0x1fff8000                CyRamVectors

.noinit         0x1fff8100        0x5
 *(.noinit)
 .noinit        0x1fff8100        0x4 .\CortexM3\ARM_GCC_493\Debug\Cm3Start.o
 .noinit        0x1fff8104        0x1 .\CortexM3\ARM_GCC_493\Debug\EX 6 generel 20160818_1.a(CyLib.o)
                0x1fff8104                CyResetStatus

.data           0x1fff8108      0x458 load address 0x00003b90
                0x1fff8108                __cy_region_start_data = .
 *(.jcr)
 .jcr           0x1fff8108        0x0 c:/program files (x86)/cypress/psoc creator/3.3/psoc creator/import/gnu/arm/4.9.3/bin/../lib/gcc/arm-none-eabi/4.9.3/armv7-m/crtbegin.o
 .jcr           0x1fff8108        0x4 c:/program files (x86)/cypress/psoc creator/3.3/psoc creator/import/gnu/arm/4.9.3/bin/../lib/gcc/arm-none-eabi/4.9.3/armv7-m/crtend.o
 *(.got.plt)
 *(.got)
 *(.shdata)
 *(.data .data.* .gnu.linkonce.d.*)
 .data          0x1fff810c        0x1 .\CortexM3\ARM_GCC_493\Debug\EX 6 generel 20160818_1.a(ADC_DelSig_1.o)
                0x1fff810c                ADC_DelSig_1_Config
 .data          0x1fff810d        0x1 .\CortexM3\ARM_GCC_493\Debug\EX 6 generel 20160818_1.a(DMA_1_dma.o)
                0x1fff810d                DMA_1_DmaHandle
 .data          0x1fff810e        0x1 .\CortexM3\ARM_GCC_493\Debug\EX 6 generel 20160818_1.a(DMA_2_dma.o)
                0x1fff810e                DMA_2_DmaHandle
 *fill*         0x1fff810f        0x1 
 .data          0x1fff8110        0x8 .\CortexM3\ARM_GCC_493\Debug\EX 6 generel 20160818_1.a(CyDmac.o)
 .data          0x1fff8118       0x10 .\CortexM3\ARM_GCC_493\Debug\EX 6 generel 20160818_1.a(CyLib.o)
                0x1fff8118                cydelay_freq_hz
                0x1fff811c                cydelay_freq_khz
                0x1fff8120                cydelay_freq_mhz
                0x1fff8124                cydelay_32k_ms
 .data.__fdlib_version
                0x1fff8128        0x1 c:/program files (x86)/cypress/psoc creator/3.3/psoc creator/import/gnu/arm/4.9.3/bin/../lib/gcc/arm-none-eabi/4.9.3/../../../../arm-none-eabi/lib/armv7-m\libm.a(lib_a-s_lib_ver.o)
                0x1fff8128                __fdlib_version
 *fill*         0x1fff8129        0x7 
 .data.impure_data
                0x1fff8130      0x428 c:/program files (x86)/cypress/psoc creator/3.3/psoc creator/import/gnu/arm/4.9.3/bin/../lib/gcc/arm-none-eabi/4.9.3/../../../../arm-none-eabi/lib/armv7-m\libg.a(lib_a-impure.o)
 .data._impure_ptr
                0x1fff8558        0x4 c:/program files (x86)/cypress/psoc creator/3.3/psoc creator/import/gnu/arm/4.9.3/bin/../lib/gcc/arm-none-eabi/4.9.3/../../../../arm-none-eabi/lib/armv7-m\libg.a(lib_a-impure.o)
                0x1fff8558                _impure_ptr
                0x1fff8560                . = ALIGN (0x8)
 *fill*         0x1fff855c        0x4 
 *(.ram)
                0x1fff8560                _edata = .

.igot.plt       0x1fff8560        0x0 load address 0x00003fe8
 .igot.plt      0x00000000        0x0 c:/program files (x86)/cypress/psoc creator/3.3/psoc creator/import/gnu/arm/4.9.3/bin/../lib/gcc/arm-none-eabi/4.9.3/armv7-m/crtbegin.o

.bss            0x1fff8560       0x68 load address 0x00003fe8
                0x1fff8560                PROVIDE (__bss_start__, .)
 *(.shbss)
 *(.bss .bss.* .gnu.linkonce.b.*)
 .bss           0x1fff8560       0x1c c:/program files (x86)/cypress/psoc creator/3.3/psoc creator/import/gnu/arm/4.9.3/bin/../lib/gcc/arm-none-eabi/4.9.3/armv7-m/crtbegin.o
 .bss           0x1fff857c       0x24 .\CortexM3\ARM_GCC_493\Debug\main.o
                0x1fff857c                V_Sample_SUM_1
                0x1fff8580                V_Sample_SUM_2
                0x1fff8584                V_Sample_MIN
                0x1fff8586                V_Sample_MAX
                0x1fff8588                V_Sample_AVG
                0x1fff858c                V_Sample_VAR
                0x1fff8590                V_Sample_AVG_float
                0x1fff8594                V_Sample_PP_float
                0x1fff8598                V_Sample_RMS_float
                0x1fff859c                i
 .bss           0x1fff85a0       0x14 .\CortexM3\ARM_GCC_493\Debug\EX 6 generel 20160818_1.a(ADC_DelSig_1.o)
                0x1fff85a0                ADC_DelSig_1_convDone
                0x1fff85a1                ADC_DelSig_1_stopConversion
                0x1fff85a2                ADC_DelSig_1_initVar
                0x1fff85a3                ADC_DelSig_1_started
 .bss           0x1fff85b4        0x1 .\CortexM3\ARM_GCC_493\Debug\EX 6 generel 20160818_1.a(VDAC8_1.o)
                0x1fff85b4                VDAC8_1_initVar
 .bss           0x1fff85b5        0x1 .\CortexM3\ARM_GCC_493\Debug\EX 6 generel 20160818_1.a(Filter_1.o)
                0x1fff85b5                Filter_1_initVar
 *(COMMON)
 *fill*         0x1fff85b6        0x2 
 COMMON         0x1fff85b8        0x2 .\CortexM3\ARM_GCC_493\Debug\main.o
                0x1fff85b8                V_Sample
 *fill*         0x1fff85ba        0x2 
 COMMON         0x1fff85bc        0x8 .\CortexM3\ARM_GCC_493\Debug\EX 6 generel 20160818_1.a(ADC_DelSig_1.o)
                0x1fff85bc                ADC_DelSig_1_CountsPerVolt
                0x1fff85c0                ADC_DelSig_1_Offset
                0x1fff85c8                . = ALIGN (0x8)
 *fill*         0x1fff85c4        0x4 
 *(.ram.b)
                0x1fff85c8                _end = .
                0x1fff85c8                __end = .
                0x1fff85c8                PROVIDE (end, .)
                0x1fff85c8                PROVIDE (__bss_end__, .)
                0x00003b90                __cy_region_init_ram = LOADADDR (.data)
                0x00000458                __cy_region_init_size_ram = (_edata - ADDR (.data))
                0x00000068                __cy_region_zero_size_ram = (_end - _edata)

.heap           0x1fff85c8     0x1000 load address 0x00003fe8
                0x1fff85c8                . = _end
                0x1fff95c8                . = (. + 0x1000)
 *fill*         0x1fff85c8     0x1000 
                0x1fff95c8                __cy_heap_limit = .

.stack          0x20004000     0x4000
                0x20004000                __cy_stack_limit = .
                0x20008000                . = (. + 0x4000)
 *fill*         0x20004000     0x4000 
                0x00000001                ASSERT ((__cy_stack_limit >= __cy_heap_limit), region RAM overflowed with stack)
                0x00000000                cy_checksum_exclude_size = (CY_APPL_LOADABLE == 0x1)?SIZEOF (.cy_checksum_exclude):0x0
                0x00000001                ASSERT ((cy_checksum_exclude_size <= CY_CHECKSUM_EXCLUDE_SIZE), CY_BOOT: Section .cy_checksum_exclude size exceedes specified limit.)

.cyloadermeta
 *(.cyloadermeta)

.cyloadablemeta
 *(.cyloadablemeta)

.cyconfigecc    0x80000000       0xd0
 *(.cyconfigecc)
 .cyconfigecc   0x80000000       0xd0 .\CortexM3\ARM_GCC_493\Debug\cymetadata.o
                0x80000000                cy_meta_configecc

.cycustnvl      0x90000000        0x4
 *(.cycustnvl)
 .cycustnvl     0x90000000        0x4 .\CortexM3\ARM_GCC_493\Debug\cymetadata.o
                0x90000000                cy_meta_custnvl

.cywolatch      0x90100000        0x4
 *(.cywolatch)
 .cywolatch     0x90100000        0x4 .\CortexM3\ARM_GCC_493\Debug\cymetadata.o
                0x90100000                cy_meta_wonvl

.cyeeprom       0x90200000        0x0
 *(.cyeeprom)
                0x00000001                ASSERT ((. <= ((0x90200000 + ee_offset) + ee_size)), .cyeeprom data will not fit in EEPROM)

.cyflashprotect
                0x90400000      0x100
 *(.cyflashprotect)
 .cyflashprotect
                0x90400000      0x100 .\CortexM3\ARM_GCC_493\Debug\cymetadata.o
                0x90400000                cy_meta_flashprotect

.cymeta         0x90500000        0xc
 *(.cymeta)
 .cymeta        0x90500000        0xc .\CortexM3\ARM_GCC_493\Debug\cymetadata.o
                0x90500000                cy_metadata

.rel.dyn        0x00003fe8        0x0 load address 0x9050000c
 .rel.iplt      0x00000000        0x0 c:/program files (x86)/cypress/psoc creator/3.3/psoc creator/import/gnu/arm/4.9.3/bin/../lib/gcc/arm-none-eabi/4.9.3/armv7-m/crtbegin.o

.stab
 *(.stab)

.stabstr
 *(.stabstr)

.debug
 *(.debug)

.line
 *(.line)

.debug_srcinfo
 *(.debug_srcinfo)

.debug_sfnames
 *(.debug_sfnames)

.debug_aranges  0x00000000      0xac8
 *(.debug_aranges)
 .debug_aranges
                0x00000000       0x48 .\CortexM3\ARM_GCC_493\Debug\main.o
 .debug_aranges
                0x00000048       0x18 .\CortexM3\ARM_GCC_493\Debug\cymetadata.o
 .debug_aranges
                0x00000060       0x48 .\CortexM3\ARM_GCC_493\Debug\Cm3Start.o
 .debug_aranges
                0x000000a8       0x60 .\CortexM3\ARM_GCC_493\Debug\EX 6 generel 20160818_1.a(cyfitter_cfg.o)
 .debug_aranges
                0x00000108       0xe8 .\CortexM3\ARM_GCC_493\Debug\EX 6 generel 20160818_1.a(ADC_DelSig_1.o)
 .debug_aranges
                0x000001f0       0x38 .\CortexM3\ARM_GCC_493\Debug\EX 6 generel 20160818_1.a(ADC_DelSig_1_INT.o)
 .debug_aranges
                0x00000228       0x28 .\CortexM3\ARM_GCC_493\Debug\EX 6 generel 20160818_1.a(DMA_1_dma.o)
 .debug_aranges
                0x00000250       0x58 .\CortexM3\ARM_GCC_493\Debug\EX 6 generel 20160818_1.a(VDAC8_1.o)
 .debug_aranges
                0x000002a8       0x70 .\CortexM3\ARM_GCC_493\Debug\EX 6 generel 20160818_1.a(Filter_1.o)
 .debug_aranges
                0x00000318       0x28 .\CortexM3\ARM_GCC_493\Debug\EX 6 generel 20160818_1.a(Filter_1_PVT.o)
 .debug_aranges
                0x00000340       0x18 .\CortexM3\ARM_GCC_493\Debug\EX 6 generel 20160818_1.a(Filter_1_RAM_Data.o)
 .debug_aranges
                0x00000358       0x28 .\CortexM3\ARM_GCC_493\Debug\EX 6 generel 20160818_1.a(DMA_2_dma.o)
 .debug_aranges
                0x00000380       0x80 .\CortexM3\ARM_GCC_493\Debug\EX 6 generel 20160818_1.a(isr_1.o)
 .debug_aranges
                0x00000400       0x80 .\CortexM3\ARM_GCC_493\Debug\EX 6 generel 20160818_1.a(isr_2.o)
 .debug_aranges
                0x00000480       0x38 .\CortexM3\ARM_GCC_493\Debug\EX 6 generel 20160818_1.a(test_01.o)
 .debug_aranges
                0x000004b8       0x70 .\CortexM3\ARM_GCC_493\Debug\EX 6 generel 20160818_1.a(ADC_DelSig_1_Ext_CP_Clk.o)
 .debug_aranges
                0x00000528       0x80 .\CortexM3\ARM_GCC_493\Debug\EX 6 generel 20160818_1.a(ADC_DelSig_1_theACLK.o)
 .debug_aranges
                0x000005a8       0x20 .\CortexM3\ARM_GCC_493\Debug\EX 6 generel 20160818_1.a(CyBootAsmGnu.o)
 .debug_aranges
                0x000005c8       0xd8 .\CortexM3\ARM_GCC_493\Debug\EX 6 generel 20160818_1.a(CyDmac.o)
 .debug_aranges
                0x000006a0      0x298 .\CortexM3\ARM_GCC_493\Debug\EX 6 generel 20160818_1.a(CyLib.o)
 .debug_aranges
                0x00000938       0x98 .\CortexM3\ARM_GCC_493\Debug\EX 6 generel 20160818_1.a(cyPm.o)
 .debug_aranges
                0x000009d0       0x80 .\CortexM3\ARM_GCC_493\Debug\EX 6 generel 20160818_1.a(CyFlash.o)
 .debug_aranges
                0x00000a50       0x78 .\CortexM3\ARM_GCC_493\Debug\EX 6 generel 20160818_1.a(CySpc.o)

.debug_pubnames
 *(.debug_pubnames)

.debug_info     0x00000000     0x4acc
 *(.debug_info .gnu.linkonce.wi.*)
 .debug_info    0x00000000      0x294 .\CortexM3\ARM_GCC_493\Debug\main.o
 .debug_info    0x00000294      0x13a .\CortexM3\ARM_GCC_493\Debug\cymetadata.o
 .debug_info    0x000003ce      0x319 .\CortexM3\ARM_GCC_493\Debug\Cm3Start.o
 .debug_info    0x000006e7      0x393 .\CortexM3\ARM_GCC_493\Debug\EX 6 generel 20160818_1.a(cyfitter_cfg.o)
 .debug_info    0x00000a7a      0x725 .\CortexM3\ARM_GCC_493\Debug\EX 6 generel 20160818_1.a(ADC_DelSig_1.o)
 .debug_info    0x0000119f       0xcc .\CortexM3\ARM_GCC_493\Debug\EX 6 generel 20160818_1.a(ADC_DelSig_1_INT.o)
 .debug_info    0x0000126b      0x114 .\CortexM3\ARM_GCC_493\Debug\EX 6 generel 20160818_1.a(DMA_1_dma.o)
 .debug_info    0x0000137f      0x185 .\CortexM3\ARM_GCC_493\Debug\EX 6 generel 20160818_1.a(VDAC8_1.o)
 .debug_info    0x00001504      0x331 .\CortexM3\ARM_GCC_493\Debug\EX 6 generel 20160818_1.a(Filter_1.o)
 .debug_info    0x00001835       0xe9 .\CortexM3\ARM_GCC_493\Debug\EX 6 generel 20160818_1.a(Filter_1_PVT.o)
 .debug_info    0x0000191e      0x12b .\CortexM3\ARM_GCC_493\Debug\EX 6 generel 20160818_1.a(Filter_1_RAM_Data.o)
 .debug_info    0x00001a49      0x114 .\CortexM3\ARM_GCC_493\Debug\EX 6 generel 20160818_1.a(DMA_2_dma.o)
 .debug_info    0x00001b5d      0x23a .\CortexM3\ARM_GCC_493\Debug\EX 6 generel 20160818_1.a(isr_1.o)
 .debug_info    0x00001d97      0x23a .\CortexM3\ARM_GCC_493\Debug\EX 6 generel 20160818_1.a(isr_2.o)
 .debug_info    0x00001fd1      0x11e .\CortexM3\ARM_GCC_493\Debug\EX 6 generel 20160818_1.a(test_01.o)
 .debug_info    0x000020ef      0x25d .\CortexM3\ARM_GCC_493\Debug\EX 6 generel 20160818_1.a(ADC_DelSig_1_Ext_CP_Clk.o)
 .debug_info    0x0000234c      0x299 .\CortexM3\ARM_GCC_493\Debug\EX 6 generel 20160818_1.a(ADC_DelSig_1_theACLK.o)
 .debug_info    0x000025e5       0xd6 .\CortexM3\ARM_GCC_493\Debug\EX 6 generel 20160818_1.a(CyBootAsmGnu.o)
 .debug_info    0x000026bb      0x8b4 .\CortexM3\ARM_GCC_493\Debug\EX 6 generel 20160818_1.a(CyDmac.o)
 .debug_info    0x00002f6f      0xe36 .\CortexM3\ARM_GCC_493\Debug\EX 6 generel 20160818_1.a(CyLib.o)
 .debug_info    0x00003da5      0x562 .\CortexM3\ARM_GCC_493\Debug\EX 6 generel 20160818_1.a(cyPm.o)
 .debug_info    0x00004307      0x36c .\CortexM3\ARM_GCC_493\Debug\EX 6 generel 20160818_1.a(CyFlash.o)
 .debug_info    0x00004673      0x459 .\CortexM3\ARM_GCC_493\Debug\EX 6 generel 20160818_1.a(CySpc.o)

.debug_abbrev   0x00000000     0x180c
 *(.debug_abbrev)
 .debug_abbrev  0x00000000       0xfd .\CortexM3\ARM_GCC_493\Debug\main.o
 .debug_abbrev  0x000000fd       0x5d .\CortexM3\ARM_GCC_493\Debug\cymetadata.o
 .debug_abbrev  0x0000015a      0x1b6 .\CortexM3\ARM_GCC_493\Debug\Cm3Start.o
 .debug_abbrev  0x00000310      0x19d .\CortexM3\ARM_GCC_493\Debug\EX 6 generel 20160818_1.a(cyfitter_cfg.o)
 .debug_abbrev  0x000004ad      0x19d .\CortexM3\ARM_GCC_493\Debug\EX 6 generel 20160818_1.a(ADC_DelSig_1.o)
 .debug_abbrev  0x0000064a       0x42 .\CortexM3\ARM_GCC_493\Debug\EX 6 generel 20160818_1.a(ADC_DelSig_1_INT.o)
 .debug_abbrev  0x0000068c       0x8b .\CortexM3\ARM_GCC_493\Debug\EX 6 generel 20160818_1.a(DMA_1_dma.o)
 .debug_abbrev  0x00000717       0xeb .\CortexM3\ARM_GCC_493\Debug\EX 6 generel 20160818_1.a(VDAC8_1.o)
 .debug_abbrev  0x00000802      0x140 .\CortexM3\ARM_GCC_493\Debug\EX 6 generel 20160818_1.a(Filter_1.o)
 .debug_abbrev  0x00000942       0x7f .\CortexM3\ARM_GCC_493\Debug\EX 6 generel 20160818_1.a(Filter_1_PVT.o)
 .debug_abbrev  0x000009c1       0x66 .\CortexM3\ARM_GCC_493\Debug\EX 6 generel 20160818_1.a(Filter_1_RAM_Data.o)
 .debug_abbrev  0x00000a27       0x8b .\CortexM3\ARM_GCC_493\Debug\EX 6 generel 20160818_1.a(DMA_2_dma.o)
 .debug_abbrev  0x00000ab2      0x172 .\CortexM3\ARM_GCC_493\Debug\EX 6 generel 20160818_1.a(isr_1.o)
 .debug_abbrev  0x00000c24      0x172 .\CortexM3\ARM_GCC_493\Debug\EX 6 generel 20160818_1.a(isr_2.o)
 .debug_abbrev  0x00000d96       0x90 .\CortexM3\ARM_GCC_493\Debug\EX 6 generel 20160818_1.a(test_01.o)
 .debug_abbrev  0x00000e26      0x11d .\CortexM3\ARM_GCC_493\Debug\EX 6 generel 20160818_1.a(ADC_DelSig_1_Ext_CP_Clk.o)
 .debug_abbrev  0x00000f43      0x11d .\CortexM3\ARM_GCC_493\Debug\EX 6 generel 20160818_1.a(ADC_DelSig_1_theACLK.o)
 .debug_abbrev  0x00001060       0x14 .\CortexM3\ARM_GCC_493\Debug\EX 6 generel 20160818_1.a(CyBootAsmGnu.o)
 .debug_abbrev  0x00001074      0x194 .\CortexM3\ARM_GCC_493\Debug\EX 6 generel 20160818_1.a(CyDmac.o)
 .debug_abbrev  0x00001208      0x217 .\CortexM3\ARM_GCC_493\Debug\EX 6 generel 20160818_1.a(CyLib.o)
 .debug_abbrev  0x0000141f      0x161 .\CortexM3\ARM_GCC_493\Debug\EX 6 generel 20160818_1.a(cyPm.o)
 .debug_abbrev  0x00001580      0x120 .\CortexM3\ARM_GCC_493\Debug\EX 6 generel 20160818_1.a(CyFlash.o)
 .debug_abbrev  0x000016a0      0x16c .\CortexM3\ARM_GCC_493\Debug\EX 6 generel 20160818_1.a(CySpc.o)

.debug_line     0x00000000     0x2920
 *(.debug_line)
 .debug_line    0x00000000      0x212 .\CortexM3\ARM_GCC_493\Debug\main.o
 .debug_line    0x00000212       0x53 .\CortexM3\ARM_GCC_493\Debug\cymetadata.o
 .debug_line    0x00000265      0x1d5 .\CortexM3\ARM_GCC_493\Debug\Cm3Start.o
 .debug_line    0x0000043a      0x1fe .\CortexM3\ARM_GCC_493\Debug\EX 6 generel 20160818_1.a(cyfitter_cfg.o)
 .debug_line    0x00000638      0x3cc .\CortexM3\ARM_GCC_493\Debug\EX 6 generel 20160818_1.a(ADC_DelSig_1.o)
 .debug_line    0x00000a04       0x97 .\CortexM3\ARM_GCC_493\Debug\EX 6 generel 20160818_1.a(ADC_DelSig_1_INT.o)
 .debug_line    0x00000a9b       0x91 .\CortexM3\ARM_GCC_493\Debug\EX 6 generel 20160818_1.a(DMA_1_dma.o)
 .debug_line    0x00000b2c       0xf2 .\CortexM3\ARM_GCC_493\Debug\EX 6 generel 20160818_1.a(VDAC8_1.o)
 .debug_line    0x00000c1e      0x15c .\CortexM3\ARM_GCC_493\Debug\EX 6 generel 20160818_1.a(Filter_1.o)
 .debug_line    0x00000d7a       0x7a .\CortexM3\ARM_GCC_493\Debug\EX 6 generel 20160818_1.a(Filter_1_PVT.o)
 .debug_line    0x00000df4       0x5a .\CortexM3\ARM_GCC_493\Debug\EX 6 generel 20160818_1.a(Filter_1_RAM_Data.o)
 .debug_line    0x00000e4e       0x91 .\CortexM3\ARM_GCC_493\Debug\EX 6 generel 20160818_1.a(DMA_2_dma.o)
 .debug_line    0x00000edf      0x159 .\CortexM3\ARM_GCC_493\Debug\EX 6 generel 20160818_1.a(isr_1.o)
 .debug_line    0x00001038      0x169 .\CortexM3\ARM_GCC_493\Debug\EX 6 generel 20160818_1.a(isr_2.o)
 .debug_line    0x000011a1       0x98 .\CortexM3\ARM_GCC_493\Debug\EX 6 generel 20160818_1.a(test_01.o)
 .debug_line    0x00001239      0x1cb .\CortexM3\ARM_GCC_493\Debug\EX 6 generel 20160818_1.a(ADC_DelSig_1_Ext_CP_Clk.o)
 .debug_line    0x00001404      0x1ec .\CortexM3\ARM_GCC_493\Debug\EX 6 generel 20160818_1.a(ADC_DelSig_1_theACLK.o)
 .debug_line    0x000015f0       0x68 .\CortexM3\ARM_GCC_493\Debug\EX 6 generel 20160818_1.a(CyBootAsmGnu.o)
 .debug_line    0x00001658      0x2b7 .\CortexM3\ARM_GCC_493\Debug\EX 6 generel 20160818_1.a(CyDmac.o)
 .debug_line    0x0000190f      0x872 .\CortexM3\ARM_GCC_493\Debug\EX 6 generel 20160818_1.a(CyLib.o)
 .debug_line    0x00002181      0x381 .\CortexM3\ARM_GCC_493\Debug\EX 6 generel 20160818_1.a(cyPm.o)
 .debug_line    0x00002502      0x207 .\CortexM3\ARM_GCC_493\Debug\EX 6 generel 20160818_1.a(CyFlash.o)
 .debug_line    0x00002709      0x217 .\CortexM3\ARM_GCC_493\Debug\EX 6 generel 20160818_1.a(CySpc.o)

.debug_frame    0x00000000     0x2c2c
 *(.debug_frame)
 .debug_frame   0x00000000       0xe0 .\CortexM3\ARM_GCC_493\Debug\main.o
 .debug_frame   0x000000e0       0xd8 .\CortexM3\ARM_GCC_493\Debug\Cm3Start.o
 .debug_frame   0x000001b8      0x16c .\CortexM3\ARM_GCC_493\Debug\EX 6 generel 20160818_1.a(cyfitter_cfg.o)
 .debug_frame   0x00000324      0x40c .\CortexM3\ARM_GCC_493\Debug\EX 6 generel 20160818_1.a(ADC_DelSig_1.o)
 .debug_frame   0x00000730       0xa0 .\CortexM3\ARM_GCC_493\Debug\EX 6 generel 20160818_1.a(ADC_DelSig_1_INT.o)
 .debug_frame   0x000007d0       0x58 .\CortexM3\ARM_GCC_493\Debug\EX 6 generel 20160818_1.a(DMA_1_dma.o)
 .debug_frame   0x00000828      0x130 .\CortexM3\ARM_GCC_493\Debug\EX 6 generel 20160818_1.a(VDAC8_1.o)
 .debug_frame   0x00000958      0x1b4 .\CortexM3\ARM_GCC_493\Debug\EX 6 generel 20160818_1.a(Filter_1.o)
 .debug_frame   0x00000b0c       0x60 .\CortexM3\ARM_GCC_493\Debug\EX 6 generel 20160818_1.a(Filter_1_PVT.o)
 .debug_frame   0x00000b6c       0x58 .\CortexM3\ARM_GCC_493\Debug\EX 6 generel 20160818_1.a(DMA_2_dma.o)
 .debug_frame   0x00000bc4      0x1e8 .\CortexM3\ARM_GCC_493\Debug\EX 6 generel 20160818_1.a(isr_1.o)
 .debug_frame   0x00000dac      0x1e8 .\CortexM3\ARM_GCC_493\Debug\EX 6 generel 20160818_1.a(isr_2.o)
 .debug_frame   0x00000f94       0xa8 .\CortexM3\ARM_GCC_493\Debug\EX 6 generel 20160818_1.a(test_01.o)
 .debug_frame   0x0000103c      0x1b4 .\CortexM3\ARM_GCC_493\Debug\EX 6 generel 20160818_1.a(ADC_DelSig_1_Ext_CP_Clk.o)
 .debug_frame   0x000011f0      0x200 .\CortexM3\ARM_GCC_493\Debug\EX 6 generel 20160818_1.a(ADC_DelSig_1_theACLK.o)
 .debug_frame   0x000013f0      0x3d0 .\CortexM3\ARM_GCC_493\Debug\EX 6 generel 20160818_1.a(CyDmac.o)
 .debug_frame   0x000017c0      0xbe8 .\CortexM3\ARM_GCC_493\Debug\EX 6 generel 20160818_1.a(CyLib.o)
 .debug_frame   0x000023a8      0x234 .\CortexM3\ARM_GCC_493\Debug\EX 6 generel 20160818_1.a(cyPm.o)
 .debug_frame   0x000025dc      0x210 .\CortexM3\ARM_GCC_493\Debug\EX 6 generel 20160818_1.a(CyFlash.o)
 .debug_frame   0x000027ec      0x1f8 .\CortexM3\ARM_GCC_493\Debug\EX 6 generel 20160818_1.a(CySpc.o)
 .debug_frame   0x000029e4       0x44 c:/program files (x86)/cypress/psoc creator/3.3/psoc creator/import/gnu/arm/4.9.3/bin/../lib/gcc/arm-none-eabi/4.9.3/../../../../arm-none-eabi/lib/armv7-m\libm.a(lib_a-w_sqrt.o)
 .debug_frame   0x00002a28       0x30 c:/program files (x86)/cypress/psoc creator/3.3/psoc creator/import/gnu/arm/4.9.3/bin/../lib/gcc/arm-none-eabi/4.9.3/../../../../arm-none-eabi/lib/armv7-m\libm.a(lib_a-e_sqrt.o)
 .debug_frame   0x00002a58       0x34 c:/program files (x86)/cypress/psoc creator/3.3/psoc creator/import/gnu/arm/4.9.3/bin/../lib/gcc/arm-none-eabi/4.9.3/../../../../arm-none-eabi/lib/armv7-m\libm.a(lib_a-s_fpclassify.o)
 .debug_frame   0x00002a8c       0x20 c:/program files (x86)/cypress/psoc creator/3.3/psoc creator/import/gnu/arm/4.9.3/bin/../lib/gcc/arm-none-eabi/4.9.3/../../../../arm-none-eabi/lib/armv7-m\libm.a(lib_a-s_matherr.o)
 .debug_frame   0x00002aac       0x20 c:/program files (x86)/cypress/psoc creator/3.3/psoc creator/import/gnu/arm/4.9.3/bin/../lib/gcc/arm-none-eabi/4.9.3/../../../../arm-none-eabi/lib/armv7-m\libg.a(lib_a-errno.o)
 .debug_frame   0x00002acc       0x28 c:/program files (x86)/cypress/psoc creator/3.3/psoc creator/import/gnu/arm/4.9.3/bin/../lib/gcc/arm-none-eabi/4.9.3/../../../../arm-none-eabi/lib/armv7-m\libg.a(lib_a-exit.o)
 .debug_frame   0x00002af4       0x2c c:/program files (x86)/cypress/psoc creator/3.3/psoc creator/import/gnu/arm/4.9.3/bin/../lib/gcc/arm-none-eabi/4.9.3/../../../../arm-none-eabi/lib/armv7-m\libg.a(lib_a-init.o)
 .debug_frame   0x00002b20       0x34 c:/program files (x86)/cypress/psoc creator/3.3/psoc creator/import/gnu/arm/4.9.3/bin/../lib/gcc/arm-none-eabi/4.9.3/../../../../arm-none-eabi/lib/armv7-m\libg.a(lib_a-memset.o)
 .debug_frame   0x00002b54       0x50 c:/program files (x86)/cypress/psoc creator/3.3/psoc creator/import/gnu/arm/4.9.3/bin/../lib/gcc/arm-none-eabi/4.9.3/../../../../arm-none-eabi/lib/armv7-m\libg.a(lib_a-__call_atexit.o)
 .debug_frame   0x00002ba4       0x20 c:/program files (x86)/cypress/psoc creator/3.3/psoc creator/import/gnu/arm/4.9.3/bin/../lib/gcc/arm-none-eabi/4.9.3/../../../../arm-none-eabi/lib/armv7-m\libg.a(lib_a-atexit.o)
 .debug_frame   0x00002bc4       0x34 c:/program files (x86)/cypress/psoc creator/3.3/psoc creator/import/gnu/arm/4.9.3/bin/../lib/gcc/arm-none-eabi/4.9.3/../../../../arm-none-eabi/lib/armv7-m\libg.a(lib_a-fini.o)
 .debug_frame   0x00002bf8       0x34 c:/program files (x86)/cypress/psoc creator/3.3/psoc creator/import/gnu/arm/4.9.3/bin/../lib/gcc/arm-none-eabi/4.9.3/../../../../arm-none-eabi/lib/armv7-m\libg.a(lib_a-__atexit.o)

.debug_str      0x00000000     0x2540
 *(.debug_str)
 .debug_str     0x00000000      0x29f .\CortexM3\ARM_GCC_493\Debug\main.o
                                0x303 (size before relaxing)
 .debug_str     0x0000029f       0x77 .\CortexM3\ARM_GCC_493\Debug\cymetadata.o
                                0x230 (size before relaxing)
 .debug_str     0x00000316      0x132 .\CortexM3\ARM_GCC_493\Debug\Cm3Start.o
                                0x311 (size before relaxing)
 .debug_str     0x00000448      0x157 .\CortexM3\ARM_GCC_493\Debug\EX 6 generel 20160818_1.a(cyfitter_cfg.o)
                                0x33d (size before relaxing)
 .debug_str     0x0000059f      0x440 .\CortexM3\ARM_GCC_493\Debug\EX 6 generel 20160818_1.a(ADC_DelSig_1.o)
                                0x65d (size before relaxing)
 .debug_str     0x000009df       0x74 .\CortexM3\ARM_GCC_493\Debug\EX 6 generel 20160818_1.a(ADC_DelSig_1_INT.o)
                                0x227 (size before relaxing)
 .debug_str     0x00000a53       0x95 .\CortexM3\ARM_GCC_493\Debug\EX 6 generel 20160818_1.a(DMA_1_dma.o)
                                0x255 (size before relaxing)
 .debug_str     0x00000ae8       0xbe .\CortexM3\ARM_GCC_493\Debug\EX 6 generel 20160818_1.a(VDAC8_1.o)
                                0x279 (size before relaxing)
 .debug_str     0x00000ba6      0x14d .\CortexM3\ARM_GCC_493\Debug\EX 6 generel 20160818_1.a(Filter_1.o)
                                0x32b (size before relaxing)
 .debug_str     0x00000cf3       0x5d .\CortexM3\ARM_GCC_493\Debug\EX 6 generel 20160818_1.a(Filter_1_PVT.o)
                                0x21b (size before relaxing)
 .debug_str     0x00000d50       0x2d .\CortexM3\ARM_GCC_493\Debug\EX 6 generel 20160818_1.a(Filter_1_RAM_Data.o)
                                0x232 (size before relaxing)
 .debug_str     0x00000d7d       0x5a .\CortexM3\ARM_GCC_493\Debug\EX 6 generel 20160818_1.a(DMA_2_dma.o)
                                0x255 (size before relaxing)
 .debug_str     0x00000dd7      0x100 .\CortexM3\ARM_GCC_493\Debug\EX 6 generel 20160818_1.a(isr_1.o)
                                0x2e0 (size before relaxing)
 .debug_str     0x00000ed7       0xe8 .\CortexM3\ARM_GCC_493\Debug\EX 6 generel 20160818_1.a(isr_2.o)
                                0x2e0 (size before relaxing)
 .debug_str     0x00000fbf       0x72 .\CortexM3\ARM_GCC_493\Debug\EX 6 generel 20160818_1.a(test_01.o)
                                0x232 (size before relaxing)
 .debug_str     0x00001031      0x222 .\CortexM3\ARM_GCC_493\Debug\EX 6 generel 20160818_1.a(ADC_DelSig_1_Ext_CP_Clk.o)
                                0x3f4 (size before relaxing)
 .debug_str     0x00001253      0x20a .\CortexM3\ARM_GCC_493\Debug\EX 6 generel 20160818_1.a(ADC_DelSig_1_theACLK.o)
                                0x425 (size before relaxing)
 .debug_str     0x0000145d      0x360 .\CortexM3\ARM_GCC_493\Debug\EX 6 generel 20160818_1.a(CyDmac.o)
                                0x557 (size before relaxing)
 .debug_str     0x000017bd      0x7b4 .\CortexM3\ARM_GCC_493\Debug\EX 6 generel 20160818_1.a(CyLib.o)
                                0xa0c (size before relaxing)
 .debug_str     0x00001f71      0x367 .\CortexM3\ARM_GCC_493\Debug\EX 6 generel 20160818_1.a(cyPm.o)
                                0x571 (size before relaxing)
 .debug_str     0x000022d8      0x147 .\CortexM3\ARM_GCC_493\Debug\EX 6 generel 20160818_1.a(CyFlash.o)
                                0x330 (size before relaxing)
 .debug_str     0x0000241f      0x121 .\CortexM3\ARM_GCC_493\Debug\EX 6 generel 20160818_1.a(CySpc.o)
                                0x32d (size before relaxing)

.debug_loc
 *(.debug_loc)

.debug_macinfo
 *(.debug_macinfo)

.debug_ranges   0x00000000      0x938
 *(.debug_ranges)
 .debug_ranges  0x00000000       0x38 .\CortexM3\ARM_GCC_493\Debug\main.o
 .debug_ranges  0x00000038       0x38 .\CortexM3\ARM_GCC_493\Debug\Cm3Start.o
 .debug_ranges  0x00000070       0x50 .\CortexM3\ARM_GCC_493\Debug\EX 6 generel 20160818_1.a(cyfitter_cfg.o)
 .debug_ranges  0x000000c0       0xd8 .\CortexM3\ARM_GCC_493\Debug\EX 6 generel 20160818_1.a(ADC_DelSig_1.o)
 .debug_ranges  0x00000198       0x28 .\CortexM3\ARM_GCC_493\Debug\EX 6 generel 20160818_1.a(ADC_DelSig_1_INT.o)
 .debug_ranges  0x000001c0       0x18 .\CortexM3\ARM_GCC_493\Debug\EX 6 generel 20160818_1.a(DMA_1_dma.o)
 .debug_ranges  0x000001d8       0x48 .\CortexM3\ARM_GCC_493\Debug\EX 6 generel 20160818_1.a(VDAC8_1.o)
 .debug_ranges  0x00000220       0x60 .\CortexM3\ARM_GCC_493\Debug\EX 6 generel 20160818_1.a(Filter_1.o)
 .debug_ranges  0x00000280       0x18 .\CortexM3\ARM_GCC_493\Debug\EX 6 generel 20160818_1.a(Filter_1_PVT.o)
 .debug_ranges  0x00000298       0x18 .\CortexM3\ARM_GCC_493\Debug\EX 6 generel 20160818_1.a(DMA_2_dma.o)
 .debug_ranges  0x000002b0       0x70 .\CortexM3\ARM_GCC_493\Debug\EX 6 generel 20160818_1.a(isr_1.o)
 .debug_ranges  0x00000320       0x70 .\CortexM3\ARM_GCC_493\Debug\EX 6 generel 20160818_1.a(isr_2.o)
 .debug_ranges  0x00000390       0x28 .\CortexM3\ARM_GCC_493\Debug\EX 6 generel 20160818_1.a(test_01.o)
 .debug_ranges  0x000003b8       0x60 .\CortexM3\ARM_GCC_493\Debug\EX 6 generel 20160818_1.a(ADC_DelSig_1_Ext_CP_Clk.o)
 .debug_ranges  0x00000418       0x70 .\CortexM3\ARM_GCC_493\Debug\EX 6 generel 20160818_1.a(ADC_DelSig_1_theACLK.o)
 .debug_ranges  0x00000488       0xc8 .\CortexM3\ARM_GCC_493\Debug\EX 6 generel 20160818_1.a(CyDmac.o)
 .debug_ranges  0x00000550      0x288 .\CortexM3\ARM_GCC_493\Debug\EX 6 generel 20160818_1.a(CyLib.o)
 .debug_ranges  0x000007d8       0x88 .\CortexM3\ARM_GCC_493\Debug\EX 6 generel 20160818_1.a(cyPm.o)
 .debug_ranges  0x00000860       0x70 .\CortexM3\ARM_GCC_493\Debug\EX 6 generel 20160818_1.a(CyFlash.o)
 .debug_ranges  0x000008d0       0x68 .\CortexM3\ARM_GCC_493\Debug\EX 6 generel 20160818_1.a(CySpc.o)

.comment        0x00000000       0x70
 .comment       0x00000000       0x70 .\CortexM3\ARM_GCC_493\Debug\main.o
                                 0x71 (size before relaxing)
 .comment       0x00000000       0x71 .\CortexM3\ARM_GCC_493\Debug\cymetadata.o
 .comment       0x00000000       0x71 .\CortexM3\ARM_GCC_493\Debug\Cm3Start.o
 .comment       0x00000000       0x71 .\CortexM3\ARM_GCC_493\Debug\EX 6 generel 20160818_1.a(cyfitter_cfg.o)
 .comment       0x00000000       0x71 .\CortexM3\ARM_GCC_493\Debug\EX 6 generel 20160818_1.a(ADC_DelSig_1.o)
 .comment       0x00000000       0x71 .\CortexM3\ARM_GCC_493\Debug\EX 6 generel 20160818_1.a(ADC_DelSig_1_INT.o)
 .comment       0x00000000       0x71 .\CortexM3\ARM_GCC_493\Debug\EX 6 generel 20160818_1.a(DMA_1_dma.o)
 .comment       0x00000000       0x71 .\CortexM3\ARM_GCC_493\Debug\EX 6 generel 20160818_1.a(VDAC8_1.o)
 .comment       0x00000000       0x71 .\CortexM3\ARM_GCC_493\Debug\EX 6 generel 20160818_1.a(Filter_1.o)
 .comment       0x00000000       0x71 .\CortexM3\ARM_GCC_493\Debug\EX 6 generel 20160818_1.a(Filter_1_PVT.o)
 .comment       0x00000000       0x71 .\CortexM3\ARM_GCC_493\Debug\EX 6 generel 20160818_1.a(Filter_1_RAM_Data.o)
 .comment       0x00000000       0x71 .\CortexM3\ARM_GCC_493\Debug\EX 6 generel 20160818_1.a(DMA_2_dma.o)
 .comment       0x00000000       0x71 .\CortexM3\ARM_GCC_493\Debug\EX 6 generel 20160818_1.a(isr_1.o)
 .comment       0x00000000       0x71 .\CortexM3\ARM_GCC_493\Debug\EX 6 generel 20160818_1.a(isr_2.o)
 .comment       0x00000000       0x71 .\CortexM3\ARM_GCC_493\Debug\EX 6 generel 20160818_1.a(test_01.o)
 .comment       0x00000000       0x71 .\CortexM3\ARM_GCC_493\Debug\EX 6 generel 20160818_1.a(ADC_DelSig_1_Ext_CP_Clk.o)
 .comment       0x00000000       0x71 .\CortexM3\ARM_GCC_493\Debug\EX 6 generel 20160818_1.a(ADC_DelSig_1_theACLK.o)
 .comment       0x00000000       0x71 .\CortexM3\ARM_GCC_493\Debug\EX 6 generel 20160818_1.a(CyDmac.o)
 .comment       0x00000000       0x71 .\CortexM3\ARM_GCC_493\Debug\EX 6 generel 20160818_1.a(CyLib.o)
 .comment       0x00000000       0x71 .\CortexM3\ARM_GCC_493\Debug\EX 6 generel 20160818_1.a(cyPm.o)
 .comment       0x00000000       0x71 .\CortexM3\ARM_GCC_493\Debug\EX 6 generel 20160818_1.a(CyFlash.o)
 .comment       0x00000000       0x71 .\CortexM3\ARM_GCC_493\Debug\EX 6 generel 20160818_1.a(CySpc.o)

.debug_weaknames
 *(.debug_weaknames)

.debug_funcnames
 *(.debug_funcnames)

.debug_typenames
 *(.debug_typenames)

.debug_varnames
 *(.debug_varnames)

.note.gnu.arm.ident
 *(.note.gnu.arm.ident)

.ARM.attributes
                0x00000000       0x29
 *(.ARM.attributes)
 .ARM.attributes
                0x00000000       0x1d c:/program files (x86)/cypress/psoc creator/3.3/psoc creator/import/gnu/arm/4.9.3/bin/../lib/gcc/arm-none-eabi/4.9.3/armv7-m/crti.o
 .ARM.attributes
                0x0000001d       0x2d c:/program files (x86)/cypress/psoc creator/3.3/psoc creator/import/gnu/arm/4.9.3/bin/../lib/gcc/arm-none-eabi/4.9.3/armv7-m/crtbegin.o
 .ARM.attributes
                0x0000004a       0x1b c:/program files (x86)/cypress/psoc creator/3.3/psoc creator/import/gnu/arm/4.9.3/bin/../lib/gcc/arm-none-eabi/4.9.3/../../../../arm-none-eabi/lib/armv7-m/crt0.o
 .ARM.attributes
                0x00000065       0x33 .\CortexM3\ARM_GCC_493\Debug\main.o
 .ARM.attributes
                0x00000098       0x33 .\CortexM3\ARM_GCC_493\Debug\cymetadata.o
 .ARM.attributes
                0x000000cb       0x33 .\CortexM3\ARM_GCC_493\Debug\Cm3Start.o
 .ARM.attributes
                0x000000fe       0x33 .\CortexM3\ARM_GCC_493\Debug\EX 6 generel 20160818_1.a(cyfitter_cfg.o)
 .ARM.attributes
                0x00000131       0x33 .\CortexM3\ARM_GCC_493\Debug\EX 6 generel 20160818_1.a(ADC_DelSig_1.o)
 .ARM.attributes
                0x00000164       0x33 .\CortexM3\ARM_GCC_493\Debug\EX 6 generel 20160818_1.a(ADC_DelSig_1_INT.o)
 .ARM.attributes
                0x00000197       0x33 .\CortexM3\ARM_GCC_493\Debug\EX 6 generel 20160818_1.a(DMA_1_dma.o)
 .ARM.attributes
                0x000001ca       0x33 .\CortexM3\ARM_GCC_493\Debug\EX 6 generel 20160818_1.a(VDAC8_1.o)
 .ARM.attributes
                0x000001fd       0x33 .\CortexM3\ARM_GCC_493\Debug\EX 6 generel 20160818_1.a(Filter_1.o)
 .ARM.attributes
                0x00000230       0x33 .\CortexM3\ARM_GCC_493\Debug\EX 6 generel 20160818_1.a(Filter_1_PVT.o)
 .ARM.attributes
                0x00000263       0x33 .\CortexM3\ARM_GCC_493\Debug\EX 6 generel 20160818_1.a(Filter_1_RAM_Data.o)
 .ARM.attributes
                0x00000296       0x33 .\CortexM3\ARM_GCC_493\Debug\EX 6 generel 20160818_1.a(DMA_2_dma.o)
 .ARM.attributes
                0x000002c9       0x33 .\CortexM3\ARM_GCC_493\Debug\EX 6 generel 20160818_1.a(isr_1.o)
 .ARM.attributes
                0x000002fc       0x33 .\CortexM3\ARM_GCC_493\Debug\EX 6 generel 20160818_1.a(isr_2.o)
 .ARM.attributes
                0x0000032f       0x33 .\CortexM3\ARM_GCC_493\Debug\EX 6 generel 20160818_1.a(test_01.o)
 .ARM.attributes
                0x00000362       0x33 .\CortexM3\ARM_GCC_493\Debug\EX 6 generel 20160818_1.a(ADC_DelSig_1_Ext_CP_Clk.o)
 .ARM.attributes
                0x00000395       0x33 .\CortexM3\ARM_GCC_493\Debug\EX 6 generel 20160818_1.a(ADC_DelSig_1_theACLK.o)
 .ARM.attributes
                0x000003c8       0x21 .\CortexM3\ARM_GCC_493\Debug\EX 6 generel 20160818_1.a(CyBootAsmGnu.o)
 .ARM.attributes
                0x000003e9       0x33 .\CortexM3\ARM_GCC_493\Debug\EX 6 generel 20160818_1.a(CyDmac.o)
 .ARM.attributes
                0x0000041c       0x33 .\CortexM3\ARM_GCC_493\Debug\EX 6 generel 20160818_1.a(CyLib.o)
 .ARM.attributes
                0x0000044f       0x33 .\CortexM3\ARM_GCC_493\Debug\EX 6 generel 20160818_1.a(cyPm.o)
 .ARM.attributes
                0x00000482       0x33 .\CortexM3\ARM_GCC_493\Debug\EX 6 generel 20160818_1.a(CyFlash.o)
 .ARM.attributes
                0x000004b5       0x33 .\CortexM3\ARM_GCC_493\Debug\EX 6 generel 20160818_1.a(CySpc.o)
 .ARM.attributes
                0x000004e8       0x2d c:/program files (x86)/cypress/psoc creator/3.3/psoc creator/import/gnu/arm/4.9.3/bin/../lib/gcc/arm-none-eabi/4.9.3/../../../../arm-none-eabi/lib/armv7-m\libm.a(lib_a-w_sqrt.o)
 .ARM.attributes
                0x00000515       0x2d c:/program files (x86)/cypress/psoc creator/3.3/psoc creator/import/gnu/arm/4.9.3/bin/../lib/gcc/arm-none-eabi/4.9.3/../../../../arm-none-eabi/lib/armv7-m\libm.a(lib_a-e_sqrt.o)
 .ARM.attributes
                0x00000542       0x2d c:/program files (x86)/cypress/psoc creator/3.3/psoc creator/import/gnu/arm/4.9.3/bin/../lib/gcc/arm-none-eabi/4.9.3/../../../../arm-none-eabi/lib/armv7-m\libm.a(lib_a-s_fpclassify.o)
 .ARM.attributes
                0x0000056f       0x2d c:/program files (x86)/cypress/psoc creator/3.3/psoc creator/import/gnu/arm/4.9.3/bin/../lib/gcc/arm-none-eabi/4.9.3/../../../../arm-none-eabi/lib/armv7-m\libm.a(lib_a-s_lib_ver.o)
 .ARM.attributes
                0x0000059c       0x2d c:/program files (x86)/cypress/psoc creator/3.3/psoc creator/import/gnu/arm/4.9.3/bin/../lib/gcc/arm-none-eabi/4.9.3/../../../../arm-none-eabi/lib/armv7-m\libm.a(lib_a-s_matherr.o)
 .ARM.attributes
                0x000005c9       0x1d c:/program files (x86)/cypress/psoc creator/3.3/psoc creator/import/gnu/arm/4.9.3/bin/../lib/gcc/arm-none-eabi/4.9.3/armv7-m\libgcc.a(_arm_addsubdf3.o)
 .ARM.attributes
                0x000005e6       0x1d c:/program files (x86)/cypress/psoc creator/3.3/psoc creator/import/gnu/arm/4.9.3/bin/../lib/gcc/arm-none-eabi/4.9.3/armv7-m\libgcc.a(_arm_muldivdf3.o)
 .ARM.attributes
                0x00000603       0x1d c:/program files (x86)/cypress/psoc creator/3.3/psoc creator/import/gnu/arm/4.9.3/bin/../lib/gcc/arm-none-eabi/4.9.3/armv7-m\libgcc.a(_arm_cmpdf2.o)
 .ARM.attributes
                0x00000620       0x1d c:/program files (x86)/cypress/psoc creator/3.3/psoc creator/import/gnu/arm/4.9.3/bin/../lib/gcc/arm-none-eabi/4.9.3/armv7-m\libgcc.a(_arm_fixdfsi.o)
 .ARM.attributes
                0x0000063d       0x1d c:/program files (x86)/cypress/psoc creator/3.3/psoc creator/import/gnu/arm/4.9.3/bin/../lib/gcc/arm-none-eabi/4.9.3/armv7-m\libgcc.a(_arm_addsubsf3.o)
 .ARM.attributes
                0x0000065a       0x1d c:/program files (x86)/cypress/psoc creator/3.3/psoc creator/import/gnu/arm/4.9.3/bin/../lib/gcc/arm-none-eabi/4.9.3/armv7-m\libgcc.a(_arm_muldivsf3.o)
 .ARM.attributes
                0x00000677       0x1d c:/program files (x86)/cypress/psoc creator/3.3/psoc creator/import/gnu/arm/4.9.3/bin/../lib/gcc/arm-none-eabi/4.9.3/armv7-m\libgcc.a(_arm_cmpsf2.o)
 .ARM.attributes
                0x00000694       0x1d c:/program files (x86)/cypress/psoc creator/3.3/psoc creator/import/gnu/arm/4.9.3/bin/../lib/gcc/arm-none-eabi/4.9.3/armv7-m\libgcc.a(_arm_fixunssfsi.o)
 .ARM.attributes
                0x000006b1       0x2d c:/program files (x86)/cypress/psoc creator/3.3/psoc creator/import/gnu/arm/4.9.3/bin/../lib/gcc/arm-none-eabi/4.9.3/../../../../arm-none-eabi/lib/armv7-m\libg.a(lib_a-errno.o)
 .ARM.attributes
                0x000006de       0x2d c:/program files (x86)/cypress/psoc creator/3.3/psoc creator/import/gnu/arm/4.9.3/bin/../lib/gcc/arm-none-eabi/4.9.3/../../../../arm-none-eabi/lib/armv7-m\libg.a(lib_a-exit.o)
 .ARM.attributes
                0x0000070b       0x2d c:/program files (x86)/cypress/psoc creator/3.3/psoc creator/import/gnu/arm/4.9.3/bin/../lib/gcc/arm-none-eabi/4.9.3/../../../../arm-none-eabi/lib/armv7-m\libg.a(lib_a-impure.o)
 .ARM.attributes
                0x00000738       0x2d c:/program files (x86)/cypress/psoc creator/3.3/psoc creator/import/gnu/arm/4.9.3/bin/../lib/gcc/arm-none-eabi/4.9.3/../../../../arm-none-eabi/lib/armv7-m\libg.a(lib_a-init.o)
 .ARM.attributes
                0x00000765       0x1b c:/program files (x86)/cypress/psoc creator/3.3/psoc creator/import/gnu/arm/4.9.3/bin/../lib/gcc/arm-none-eabi/4.9.3/../../../../arm-none-eabi/lib/armv7-m\libg.a(lib_a-memcpy.o)
 .ARM.attributes
                0x00000780       0x2d c:/program files (x86)/cypress/psoc creator/3.3/psoc creator/import/gnu/arm/4.9.3/bin/../lib/gcc/arm-none-eabi/4.9.3/../../../../arm-none-eabi/lib/armv7-m\libg.a(lib_a-memset.o)
 .ARM.attributes
                0x000007ad       0x2d c:/program files (x86)/cypress/psoc creator/3.3/psoc creator/import/gnu/arm/4.9.3/bin/../lib/gcc/arm-none-eabi/4.9.3/../../../../arm-none-eabi/lib/armv7-m\libg.a(lib_a-__call_atexit.o)
 .ARM.attributes
                0x000007da       0x2d c:/program files (x86)/cypress/psoc creator/3.3/psoc creator/import/gnu/arm/4.9.3/bin/../lib/gcc/arm-none-eabi/4.9.3/../../../../arm-none-eabi/lib/armv7-m\libg.a(lib_a-atexit.o)
 .ARM.attributes
                0x00000807       0x2d c:/program files (x86)/cypress/psoc creator/3.3/psoc creator/import/gnu/arm/4.9.3/bin/../lib/gcc/arm-none-eabi/4.9.3/../../../../arm-none-eabi/lib/armv7-m\libg.a(lib_a-fini.o)
 .ARM.attributes
                0x00000834       0x2d c:/program files (x86)/cypress/psoc creator/3.3/psoc creator/import/gnu/arm/4.9.3/bin/../lib/gcc/arm-none-eabi/4.9.3/../../../../arm-none-eabi/lib/armv7-m\libg.a(lib_a-__atexit.o)
 .ARM.attributes
                0x00000861       0x2d c:/program files (x86)/cypress/psoc creator/3.3/psoc creator/import/gnu/arm/4.9.3/bin/../lib/gcc/arm-none-eabi/4.9.3/armv7-m/crtend.o
 .ARM.attributes
                0x0000088e       0x1d c:/program files (x86)/cypress/psoc creator/3.3/psoc creator/import/gnu/arm/4.9.3/bin/../lib/gcc/arm-none-eabi/4.9.3/armv7-m/crtn.o

/DISCARD/
 *(.note.GNU-stack)
OUTPUT(.\CortexM3\ARM_GCC_493\Debug\EX 6 generel 20160818_1.elf elf32-littlearm)
